Component: ARM Compiler 5.06 update 7 (build 960) Tool: armlink [4d3601]

==============================================================================

Section Cross References

    i2c.o(.text) refers to i2c.o(.data) for timeout
    lcd1602.o(.text) refers to i2c.o(.text) for I2C_Write
    lcd1602.o(.text) refers to aeabi_sdiv.o(.text) for __aeabi_idivmod
    lcd1602.o(.text) refers to lcd1602.o(.data) for lcd_backlight
    main.o(.text) refers to _printf_percent.o(.ARM.Collect$$_printf_percent$$00000000) for _printf_percent
    main.o(.text) refers to _printf_f.o(.ARM.Collect$$_printf_percent$$00000003) for _printf_f
    main.o(.text) refers to _printf_c.o(.ARM.Collect$$_printf_percent$$00000013) for _printf_c
    main.o(.text) refers to printf1.o(x$fpl$printf1) for _printf_fp_dec
    main.o(.text) refers to _printf_str.o(.text) for _printf_str
    main.o(.text) refers to dflti.o(.text) for __aeabi_ui2d
    main.o(.text) refers to rt_memcpy.o(.emb_text) for __aeabi_memcpy4
    main.o(.text) refers to lcd1602.o(.text) for LCD1602_Init
    main.o(.text) refers to pit.o(.text) for PIT_Init
    main.o(.text) refers to adc.o(.text) for ADC_Init
    main.o(.text) refers to buttons.o(.text) for buttonsInitialize
    main.o(.text) refers to motor.o(.text) for motor_start
    main.o(.text) refers to uart0.o(.text) for UART0_Init
    main.o(.text) refers to f2d.o(.text) for __aeabi_f2d
    main.o(.text) refers to dmul.o(.text) for __aeabi_dmul
    main.o(.text) refers to ddiv.o(.text) for __aeabi_ddiv
    main.o(.text) refers to pow.o(i.pow) for pow
    main.o(.text) refers to noretval__2sprintf.o(.text) for __2sprintf
    main.o(.text) refers to main.o(.data) for temp
    pit.o(.text) refers to system_mkl05z4.o(.data) for SystemCoreClock
    buttons.o(.text) refers to motor.o(.text) for motor_right
    motor.o(.text) refers to motor.o(.data) for disance
    startup_mkl05z4.o(STACK) refers (Special) to heapauxi.o(.text) for __use_two_region_memory
    startup_mkl05z4.o(HEAP) refers (Special) to heapauxi.o(.text) for __use_two_region_memory
    startup_mkl05z4.o(RESET) refers (Special) to heapauxi.o(.text) for __use_two_region_memory
    startup_mkl05z4.o(RESET) refers to startup_mkl05z4.o(STACK) for __initial_sp
    startup_mkl05z4.o(RESET) refers to startup_mkl05z4.o(.text) for Reset_Handler
    startup_mkl05z4.o(RESET) refers to main.o(.text) for ADC0_IRQHandler
    startup_mkl05z4.o(RESET) refers to buttons.o(.text) for PORTB_IRQHandler
    startup_mkl05z4.o(.ARM.__at_0x400) refers (Special) to heapauxi.o(.text) for __use_two_region_memory
    startup_mkl05z4.o(.text) refers (Special) to heapauxi.o(.text) for __use_two_region_memory
    startup_mkl05z4.o(.text) refers to system_mkl05z4.o(.text) for SystemInit
    startup_mkl05z4.o(.text) refers to __main.o(!!!main) for __main
    startup_mkl05z4.o(.text) refers to startup_mkl05z4.o(HEAP) for Heap_Mem
    startup_mkl05z4.o(.text) refers to startup_mkl05z4.o(STACK) for Stack_Mem
    system_mkl05z4.o(.text) refers to aeabi_sdiv.o(.text) for __aeabi_uidivmod
    system_mkl05z4.o(.text) refers to system_mkl05z4.o(i.__ARM_common_switch8) for __ARM_common_switch8
    system_mkl05z4.o(.text) refers to system_mkl05z4.o(.data) for SystemCoreClock
    __2sprintf.o(.text) refers to _printf_char_common.o(.text) for _printf_char_common
    __2sprintf.o(.text) refers to _sputc.o(.text) for _sputc
    noretval__2sprintf.o(.text) refers to _printf_char_common.o(.text) for _printf_char_common
    noretval__2sprintf.o(.text) refers to _sputc.o(.text) for _sputc
    __printf.o(.text) refers to _printf_percent.o(.ARM.Collect$$_printf_percent$$00000000) for _printf_percent
    _printf_str.o(.text) refers (Special) to _printf_char.o(.text) for _printf_cs_common
    __printf_flags.o(.text) refers to _printf_percent.o(.ARM.Collect$$_printf_percent$$00000000) for _printf_percent
    __printf_flags.o(.text) refers to __printf_flags.o(.constdata) for .constdata
    __printf_ss.o(.text) refers to _printf_percent.o(.ARM.Collect$$_printf_percent$$00000000) for _printf_percent
    __printf_flags_ss.o(.text) refers to _printf_percent.o(.ARM.Collect$$_printf_percent$$00000000) for _printf_percent
    __printf_flags_ss.o(.text) refers to __printf_flags_ss.o(.constdata) for .constdata
    __printf_wp.o(.text) refers to __printf_wp.o(i._is_digit) for _is_digit
    __printf_wp.o(.text) refers to _printf_percent.o(.ARM.Collect$$_printf_percent$$00000000) for _printf_percent
    __printf_flags_wp.o(.text) refers to __printf_wp.o(i._is_digit) for _is_digit
    __printf_flags_wp.o(.text) refers to _printf_percent.o(.ARM.Collect$$_printf_percent$$00000000) for _printf_percent
    __printf_flags_wp.o(.text) refers to __printf_flags_wp.o(.constdata) for .constdata
    __printf_ss_wp.o(.text) refers to __printf_wp.o(i._is_digit) for _is_digit
    __printf_ss_wp.o(.text) refers to _printf_percent.o(.ARM.Collect$$_printf_percent$$00000000) for _printf_percent
[...]
    sqrt_x.o(i.__sqrt$lsc) refers to dlef.o(x$fpl$dleqf) for __aeabi_cdcmple
    sqrt_x.o(i.__sqrt$lsc) refers to _rserrno.o(.text) for __set_errno
    sqrt_x.o(i.__sqrt$lsc) refers to dsqrt.o(.text) for _dsqrt
    __rtentry2.o(.ARM.Collect$$rtentry$$00000008) refers to boardinit2.o(.text) for _platform_post_stackheap_init
    __rtentry2.o(.ARM.Collect$$rtentry$$0000000A) refers to libinit.o(.ARM.Collect$$libinit$$00000000) for __rt_lib_init
    __rtentry2.o(.ARM.Collect$$rtentry$$0000000B) refers to boardinit3.o(.text) for _platform_post_lib_init
    __rtentry2.o(.ARM.Collect$$rtentry$$0000000D) refers to main.o(.text) for main
    __rtentry2.o(.ARM.Collect$$rtentry$$0000000D) refers to exit.o(.text) for exit
    __rtentry2.o(.ARM.exidx) refers to __rtentry2.o(.ARM.Collect$$rtentry$$00000001) for .ARM.Collect$$rtentry$$00000001
    __rtentry2.o(.ARM.exidx) refers to __rtentry2.o(.ARM.Collect$$rtentry$$00000008) for .ARM.Collect$$rtentry$$00000008
    __rtentry2.o(.ARM.exidx) refers to __rtentry2.o(.ARM.Collect$$rtentry$$0000000A) for .ARM.Collect$$rtentry$$0000000A
    __rtentry2.o(.ARM.exidx) refers to __rtentry2.o(.ARM.Collect$$rtentry$$0000000B) for .ARM.Collect$$rtentry$$0000000B
    __rtentry2.o(.ARM.exidx) refers to __rtentry2.o(.ARM.Collect$$rtentry$$0000000D) for .ARM.Collect$$rtentry$$0000000D
    __rtentry4.o(.ARM.Collect$$rtentry$$00000004) refers to sys_stackheap_outer.o(.text) for __user_setup_stackheap
    __rtentry4.o(.ARM.exidx) refers to __rtentry4.o(.ARM.Collect$$rtentry$$00000004) for .ARM.Collect$$rtentry$$00000004
    rt_div0.o(.text) refers to defsig_fpe_outer.o(.text) for __rt_SIGFPE
    rt_locale.o(.text) refers to rt_locale.o(.bss) for __rt_locale_data
    rt_locale_intlibspace.o(.text) refers to libspace.o(.bss) for __libspace_start
    rt_errno_addr.o(.text) refers to rt_errno_addr.o(.bss) for __aeabi_errno_addr_data
    rt_errno_addr_intlibspace.o(.text) refers to libspace.o(.bss) for __libspace_start
    bigflt0.o(.text) refers (Special) to usenofp.o(x$fpl$usenofp) for __I$use$fp
    bigflt0.o(.text) refers to aeabi_sdiv.o(.text) for __aeabi_idivmod
    bigflt0.o(.text) refers to btod.o(.text) for _btod_emul
    bigflt0.o(.text) refers to bigflt0.o(.constdata) for .constdata
    bigflt0.o(.constdata) refers (Special) to usenofp.o(x$fpl$usenofp) for __I$use$fp
    btod.o(.text) refers to btod.o(i.__ARM_common_ll_muluu) for __ARM_common_ll_muluu
    lc_numeric_c.o(locale$$data) refers (Special) to libinit2.o(.ARM.Collect$$libinit$$00000016) for __rt_lib_init_lc_numeric_2
    lc_numeric_c.o(locale$$code) refers (Special) to libinit2.o(.ARM.Collect$$libinit$$00000016) for __rt_lib_init_lc_numeric_2
    lc_numeric_c.o(locale$$code) refers to strcmp.o(.text) for strcmp
    lc_numeric_c.o(locale$$code) refers to lc_numeric_c.o(locale$$data) for __lcnum_c_name
    dcmpin.o(.text) refers (Special) to usenofp.o(x$fpl$usenofp) for __I$use$fp
    dcmpin.o(.text) refers to cmpret.o(.text) for __fpl_cmpreturn
    dcmpin.o(.text) refers to dnan2.o(.text) for __fpl_dcheck_NaN2
    dlef.o(x$fpl$dleqf) refers (Special) to usenofp.o(x$fpl$usenofp) for __I$use$fp
    dlef.o(x$fpl$dleqf) refers to dcmpin.o(.text) for __fpl_dcmp_InfNaN
    dsqrt.o(.text) refers (Special) to usenofp.o(x$fpl$usenofp) for __I$use$fp
    ieee_status.o(.text) refers (Special) to usenofp.o(x$fpl$usenofp) for __I$use$fp
    libspace.o(.text) refers to libspace.o(.bss) for __libspace_start
    sys_stackheap_outer.o(.text) refers to libspace.o(.text) for __user_perproc_libspace
    sys_stackheap_outer.o(.text) refers to startup_mkl05z4.o(.text) for __user_initial_stackheap
    sys_stackheap_outer.o(__vectab_stack_and_reset_area) refers to tempstk.o(.text) for __temporary_stack_top
    sys_stackheap_outer.o(__vectab_stack_and_reset_area) refers to __main.o(!!!main) for __main
    exit.o(.text) refers to rtexit.o(.ARM.Collect$$rtexit$$00000000) for __rt_exit
    defsig_fpe_outer.o(.text) refers to defsig_fpe_inner.o(.text) for __rt_SIGFPE_inner
    defsig_fpe_outer.o(.text) refers to defsig_exit.o(.text) for __sig_exit
    defsig_fpe_formal.o(.text) refers to rt_raise.o(.text) for __rt_raise
    libinit.o(.ARM.Collect$$libinit$$00000000) refers (Special) to libinit2.o(.ARM.Collect$$libinit$$0000002E) for __rt_lib_init_alloca_1
    libinit.o(.ARM.Collect$$libinit$$00000000) refers (Special) to libinit2.o(.ARM.Collect$$libinit$$0000002C) for __rt_lib_init_argv_1
    libinit.o(.ARM.Collect$$libinit$$00000000) refers (Special) to libinit2.o(.ARM.Collect$$libinit$$0000001B) for __rt_lib_init_atexit_1
    libinit.o(.ARM.Collect$$libinit$$00000000) refers (Special) to libinit2.o(.ARM.Collect$$libinit$$00000021) for __rt_lib_init_clock_1
    libinit.o(.ARM.Collect$$libinit$$00000000) refers (Special) to libinit2.o(.ARM.Collect$$libinit$$00000032) for __rt_lib_init_cpp_1
    libinit.o(.ARM.Collect$$libinit$$00000000) refers (Special) to libinit2.o(.ARM.Collect$$libinit$$00000030) for __rt_lib_init_exceptions_1
    libinit.o(.ARM.Collect$$libinit$$00000000) refers (Special) to libinit2.o(.ARM.Collect$$libinit$$00000002) for __rt_lib_init_fp_1
    libinit.o(.ARM.Collect$$libinit$$00000000) refers (Special) to libinit2.o(.ARM.Collect$$libinit$$0000001F) for __rt_lib_init_fp_trap_1
    libinit.o(.ARM.Collect$$libinit$$00000000) refers (Special) to libinit2.o(.ARM.Collect$$libinit$$00000023) for __rt_lib_init_getenv_1
    libinit.o(.ARM.Collect$$libinit$$00000000) refers (Special) to libinit2.o(.ARM.Collect$$libinit$$0000000A) for __rt_lib_init_heap_1
    libinit.o(.ARM.Collect$$libinit$$00000000) refers (Special) to libinit2.o(.ARM.Collect$$libinit$$00000011) for __rt_lib_init_lc_collate_1
    libinit.o(.ARM.Collect$$libinit$$00000000) refers (Special) to libinit2.o(.ARM.Collect$$libinit$$00000013) for __rt_lib_init_lc_ctype_1
    libinit.o(.ARM.Collect$$libinit$$00000000) refers (Special) to libinit2.o(.ARM.Collect$$libinit$$00000015) for __rt_lib_init_lc_monetary_1
    libinit.o(.ARM.Collect$$libinit$$00000000) refers (Special) to libinit2.o(.ARM.Collect$$libinit$$00000017) for __rt_lib_init_lc_numeric_1
    libinit.o(.ARM.Collect$$libinit$$00000000) refers (Special) to libinit2.o(.ARM.Collect$$libinit$$00000019) for __rt_lib_init_lc_time_1
    libinit.o(.ARM.Collect$$libinit$$00000000) refers (Special) to libinit2.o(.ARM.Collect$$libinit$$00000004) for __rt_lib_init_preinit_1
    libinit.o(.ARM.Collect$$libinit$$00000000) refers (Special) to libinit2.o(.ARM.Collect$$libinit$$0000000E) for __rt_lib_init_rand_1
    libinit.o(.ARM.Collect$$libinit$$00000000) refers (Special) to libinit2.o(.ARM.Collect$$libinit$$00000033) for __rt_lib_init_return
    libinit.o(.ARM.Collect$$libinit$$00000000) refers (Special) to libinit2.o(.ARM.Collect$$libinit$$0000001D) for __rt_lib_init_signal_1
    libinit.o(.ARM.Collect$$libinit$$00000000) refers (Special) to libinit2.o(.ARM.Collect$$libinit$$00000025) for __rt_lib_init_stdio_1
    libinit.o(.ARM.Collect$$libinit$$00000000) refers (Special) to libinit2.o(.ARM.Collect$$libinit$$0000000C) for __rt_lib_init_user_alloc_1
    libinit2.o(.ARM.Collect$$libinit$$0000000F) refers (Weak) to rt_locale_intlibspace.o(.text) for __rt_locale
    libinit2.o(.ARM.Collect$$libinit$$00000010) refers to libinit2.o(.ARM.Collect$$libinit$$0000000F) for .ARM.Collect$$libinit$$0000000F
    libinit2.o(.ARM.Collect$$libinit$$00000012) refers to libinit2.o(.ARM.Collect$$libinit$$0000000F) for .ARM.Collect$$libinit$$0000000F
    libinit2.o(.ARM.Collect$$libinit$$00000014) refers to libinit2.o(.ARM.Collect$$libinit$$0000000F) for .ARM.Collect$$libinit$$0000000F
    libinit2.o(.ARM.Collect$$libinit$$00000016) refers to libinit2.o(.ARM.Collect$$libinit$$0000000F) for .ARM.Collect$$libinit$$0000000F
    libinit2.o(.ARM.Collect$$libinit$$00000016) refers (Weak) to lc_numeric_c.o(locale$$code) for _get_lc_numeric
    libinit2.o(.ARM.Collect$$libinit$$00000018) refers to libinit2.o(.ARM.Collect$$libinit$$0000000F) for .ARM.Collect$$libinit$$0000000F
    libinit2.o(.ARM.Collect$$libinit$$00000026) refers to argv_veneer.o(.text) for __ARM_argv_veneer
    libinit2.o(.ARM.Collect$$libinit$$00000027) refers to argv_veneer.o(.text) for __ARM_argv_veneer
    cmpret.o(.text) refers (Special) to usenofp.o(x$fpl$usenofp) for __I$use$fp
    dnan2.o(.text) refers (Special) to usenofp.o(x$fpl$usenofp) for __I$use$fp
    dnan2.o(.text) refers to retnan.o(.text) for __fpl_return_NaN
    rtexit.o(.ARM.Collect$$rtexit$$00000000) refers (Special) to rtexit2.o(.ARM.Collect$$rtexit$$00000004) for __rt_exit_exit
    rtexit.o(.ARM.Collect$$rtexit$$00000000) refers (Special) to rtexit2.o(.ARM.Collect$$rtexit$$00000003) for __rt_exit_ls
    rtexit.o(.ARM.Collect$$rtexit$$00000000) refers (Special) to rtexit2.o(.ARM.Collect$$rtexit$$00000002) for __rt_exit_prels_1
    rtexit.o(.ARM.exidx) refers (Special) to rtexit2.o(.ARM.Collect$$rtexit$$00000004) for __rt_exit_exit
    rtexit.o(.ARM.exidx) refers (Special) to rtexit2.o(.ARM.Collect$$rtexit$$00000003) for __rt_exit_ls
    rtexit.o(.ARM.exidx) refers (Special) to rtexit2.o(.ARM.Collect$$rtexit$$00000002) for __rt_exit_prels_1
    rtexit.o(.ARM.exidx) refers to rtexit.o(.ARM.Collect$$rtexit$$00000000) for .ARM.Collect$$rtexit$$00000000
    rt_raise.o(.text) refers to __raise.o(.text) for __raise
    rt_raise.o(.text) refers to sys_exit.o(.text) for _sys_exit
    defsig_exit.o(.text) refers to sys_exit.o(.text) for _sys_exit
    defsig_fpe_inner.o(.text) refers to defsig_general.o(.text) for __default_signal_display
    retnan.o(.text) refers (Special) to usenofp.o(x$fpl$usenofp) for __I$use$fp
    retnan.o(.text) refers to cmpret.o(.text) for __fpl_cmpreturn
    sys_exit.o(.text) refers (Special) to use_no_semi.o(.text) for __I$use$semihosting
    sys_exit.o(.text) refers (Special) to indicate_semi.o(.text) for __semihosting_library_function
    rtexit2.o(.ARM.Collect$$rtexit$$00000003) refers to libshutdown.o(.ARM.Collect$$libshutdown$$00000000) for __rt_lib_shutdown
    rtexit2.o(.ARM.Collect$$rtexit$$00000004) refers to sys_exit.o(.text) for _sys_exit
    rtexit2.o(.ARM.exidx) refers to rtexit2.o(.ARM.Collect$$rtexit$$00000001) for .ARM.Collect$$rtexit$$00000001
    rtexit2.o(.ARM.exidx) refers to rtexit2.o(.ARM.Collect$$rtexit$$00000003) for .ARM.Collect$$rtexit$$00000003
    rtexit2.o(.ARM.exidx) refers to rtexit2.o(.ARM.Collect$$rtexit$$00000004) for .ARM.Collect$$rtexit$$00000004
    __raise.o(.text) refers to defsig.o(CL$$defsig) for __default_signal_handler
    defsig_general.o(.text) refers to sys_wrch.o(.text) for _ttywrch
    _get_argv_nomalloc.o(.text) refers (Special) to hrguard.o(.text) for __heap_region$guard
    _get_argv_nomalloc.o(.text) refers to defsig_rtmem_outer.o(.text) for __rt_SIGRTMEM
    _get_argv_nomalloc.o(.text) refers to sys_command.o(.text) for _sys_command_string
    sys_wrch.o(.text) refers (Special) to use_no_semi.o(.text) for __I$use$semihosting
    sys_wrch.o(.text) refers (Special) to indicate_semi.o(.text) for __semihosting_library_function
    sys_command.o(.text) refers (Special) to use_no_semi.o(.text) for __I$use$semihosting
    sys_command.o(.text) refers (Special) to indicate_semi.o(.text) for __semihosting_library_function
    defsig_rtmem_outer.o(.text) refers to defsig_rtmem_inner.o(.text) for __rt_SIGRTMEM_inner
    defsig_rtmem_outer.o(.text) refers to defsig_exit.o(.text) for __sig_exit
    defsig_rtmem_formal.o(.text) refers to rt_raise.o(.text) for __rt_raise
    defsig.o(CL$$defsig) refers to defsig_fpe_inner.o(.text) for __rt_SIGFPE_inner
    defsig.o(CL$$defsig) refers to defsig_rtmem_inner.o(.text) for __rt_SIGRTMEM_inner
    libshutdown.o(.ARM.Collect$$libshutdown$$00000000) refers (Special) to libshutdown2.o(.ARM.Collect$$libshutdown$$00000004) for __rt_lib_shutdown_cpp_1
    libshutdown.o(.ARM.Collect$$libshutdown$$00000000) refers (Special) to libshutdown2.o(.ARM.Collect$$libshutdown$$00000002) for __rt_lib_shutdown_fini_1
    libshutdown.o(.ARM.Collect$$libshutdown$$00000000) refers (Special) to libshutdown2.o(.ARM.Collect$$libshutdown$$00000009) for __rt_lib_shutdown_fp_trap_1
    libshutdown.o(.ARM.Collect$$libshutdown$$00000000) refers (Special) to libshutdown2.o(.ARM.Collect$$libshutdown$$00000011) for __rt_lib_shutdown_heap_1
    libshutdown.o(.ARM.Collect$$libshutdown$$00000000) refers (Special) to libshutdown2.o(.ARM.Collect$$libshutdown$$00000012) for __rt_lib_shutdown_return
    libshutdown.o(.ARM.Collect$$libshutdown$$00000000) refers (Special) to libshutdown2.o(.ARM.Collect$$libshutdown$$0000000C) for __rt_lib_shutdown_signal_1
    libshutdown.o(.ARM.Collect$$libshutdown$$00000000) refers (Special) to libshutdown2.o(.ARM.Collect$$libshutdown$$00000006) for __rt_lib_shutdown_stdio_1
    libshutdown.o(.ARM.Collect$$libshutdown$$00000000) refers (Special) to libshutdown2.o(.ARM.Collect$$libshutdown$$0000000E) for __rt_lib_shutdown_user_alloc_1
    defsig_abrt_inner.o(.text) refers to defsig_general.o(.text) for __default_signal_display
    defsig_rtred_inner.o(.text) refers to defsig_general.o(.text) for __default_signal_display
    defsig_rtmem_inner.o(.text) refers to defsig_general.o(.text) for __default_signal_display
    defsig_stak_inner.o(.text) refers to defsig_general.o(.text) for __default_signal_display
    defsig_pvfn_inner.o(.text) refers to defsig_general.o(.text) for __default_signal_display
    defsig_cppl_inner.o(.text) refers to defsig_general.o(.text) for __default_signal_display
    defsig_segv_inner.o(.text) refers to defsig_general.o(.text) for __default_signal_display
    defsig_other.o(.text) refers to defsig_general.o(.text) for __default_signal_display


==============================================================================

Removing Unused input sections from the image.

    Removing adc.o(.rev16_text), (4 bytes).
    Removing adc.o(.revsh_text), (4 bytes).
    Removing i2c.o(.rev16_text), (4 bytes).
    Removing i2c.o(.revsh_text), (4 bytes).
    Removing lcd1602.o(.rev16_text), (4 bytes).
    Removing lcd1602.o(.revsh_text), (4 bytes).
    Removing main.o(.rev16_text), (4 bytes).
    Removing main.o(.revsh_text), (4 bytes).
    Removing pit.o(.rev16_text), (4 bytes).
    Removing pit.o(.revsh_text), (4 bytes).
    Removing buttons.o(.rev16_text), (4 bytes).
    Removing buttons.o(.revsh_text), (4 bytes).
    Removing motor.o(.rev16_text), (4 bytes).
    Removing motor.o(.revsh_text), (4 bytes).
    Removing uart0.o(.rev16_text), (4 bytes).
    Removing uart0.o(.revsh_text), (4 bytes).
    Removing system_mkl05z4.o(.rev16_text), (4 bytes).
    Removing system_mkl05z4.o(.revsh_text), (4 bytes).

18 unused section(s) (total 72 bytes) removed from the image.

==============================================================================

Image Symbol Table

    Local Symbols

    Symbol Name                              Value     Ov Type        Size  Object(Section)

    RESET                                    0x00000000   Section      192  startup_mkl05z4.o(RESET)
    ../clib/angel/boardlib.s                 0x00000000   Number         0  boardshut.o ABSOLUTE
    ../clib/angel/boardlib.s                 0x00000000   Number         0  boardinit1.o ABSOLUTE
    ../clib/angel/boardlib.s                 0x00000000   Number         0  boardinit2.o ABSOLUTE
    ../clib/angel/boardlib.s                 0x00000000   Number         0  boardinit3.o ABSOLUTE
    ../clib/angel/handlers.s                 0x00000000   Number         0  __scatter_zi.o ABSOLUTE
    ../clib/angel/handlers.s                 0x00000000   Number         0  __scatter_copy.o ABSOLUTE
    ../clib/angel/kernel.s                   0x00000000   Number         0  rtexit2.o ABSOLUTE
    ../clib/angel/kernel.s                   0x00000000   Number         0  __rtentry4.o ABSOLUTE
    ../clib/angel/kernel.s                   0x00000000   Number         0  __rtentry2.o ABSOLUTE
    ../clib/angel/kernel.s                   0x00000000   Number         0  rtexit.o ABSOLUTE
    ../clib/angel/kernel.s                   0x00000000   Number         0  __rtentry.o ABSOLUTE
    ../clib/angel/rt.s                       0x00000000   Number         0  rt_errno_addr_intlibspace.o ABSOLUTE
    ../clib/angel/rt.s                       0x00000000   Number         0  rt_locale_intlibspace.o ABSOLUTE
    ../clib/angel/rt.s                       0x00000000   Number         0  rt_div0.o ABSOLUTE
    ../clib/angel/rt.s                       0x00000000   Number         0  rt_locale.o ABSOLUTE
    ../clib/angel/rt.s                       0x00000000   Number         0  rt_raise.o ABSOLUTE
    ../clib/angel/rt.s                       0x00000000   Number         0  aeabi_idiv0.o ABSOLUTE
    ../clib/angel/rt.s                       0x00000000   Number         0  aeabi_idiv0_sigfpe.o ABSOLUTE
    ../clib/angel/rt.s                       0x00000000   Number         0  rt_errno_addr.o ABSOLUTE
    ../clib/angel/scatterp.s                 0x00000000   Number         0  __scatter.o ABSOLUTE
    ../clib/angel/startup.s                  0x00000000   Number         0  __main.o ABSOLUTE
    ../clib/angel/sys.s                      0x00000000   Number         0  tempstk.o ABSOLUTE
    ../clib/angel/sys.s                      0x00000000   Number         0  libspace.o ABSOLUTE
    ../clib/angel/sys.s                      0x00000000   Number         0  use_no_semi.o ABSOLUTE
    ../clib/angel/sys.s                      0x00000000   Number         0  indicate_semi.o ABSOLUTE
    ../clib/angel/sys.s                      0x00000000   Number         0  sys_stackheap_outer.o ABSOLUTE
    ../clib/angel/sysapp.c                   0x00000000   Number         0  sys_exit.o ABSOLUTE
    ../clib/angel/sysapp.c                   0x00000000   Number         0  sys_wrch.o ABSOLUTE
    ../clib/angel/sysapp.c                   0x00000000   Number         0  sys_command.o ABSOLUTE
    ../clib/armsys.c                         0x00000000   Number         0  argv_veneer.o ABSOLUTE
    ../clib/armsys.c                         0x00000000   Number         0  _get_argv_nomalloc.o ABSOLUTE
    ../clib/armsys.c                         0x00000000   Number         0  no_argv.o ABSOLUTE
    ../clib/bigflt.c                         0x00000000   Number         0  bigflt0.o ABSOLUTE
    ../clib/btod.c                           0x00000000   Number         0  btod.o ABSOLUTE
    ../clib/division.c                       0x00000000   Number         0  lludiv10.o ABSOLUTE
    ../clib/division.c                       0x00000000   Number         0  rtudiv10.o ABSOLUTE
    ../clib/division.s                       0x00000000   Number         0  aeabi_sdiv.o ABSOLUTE
    ../clib/division.s                       0x00000000   Number         0  aeabi_sdiv_div0.o ABSOLUTE
    ../clib/fenv.c                           0x00000000   Number         0  _rserrno.o ABSOLUTE
    ../clib/heapalloc.c                      0x00000000   Number         0  hrguard.o ABSOLUTE
    ../clib/heapaux.c                        0x00000000   Number         0  heapauxi.o ABSOLUTE
    ../clib/libinit.s                        0x00000000   Number         0  libshutdown2.o ABSOLUTE
    ../clib/libinit.s                        0x00000000   Number         0  libshutdown.o ABSOLUTE
    ../clib/libinit.s                        0x00000000   Number         0  libinit.o ABSOLUTE
    ../clib/libinit.s                        0x00000000   Number         0  libinit2.o ABSOLUTE
    ../clib/locale.s                         0x00000000   Number         0  lc_numeric_c.o ABSOLUTE
    ../clib/memcpset.c                       0x00000000   Number         0  rt_memcpy.o ABSOLUTE
    ../clib/memcpset.c                       0x00000000   Number         0  rt_memcpy.o ABSOLUTE
    ../clib/misc.s                           0x00000000   Number         0  printf_stubs.o ABSOLUTE
    ../clib/printf.c                         0x00000000   Number         0  _printf_char.o ABSOLUTE
    ../clib/printf.c                         0x00000000   Number         0  _sputc.o ABSOLUTE
    ../clib/printf.c                         0x00000000   Number         0  _printf_char_common.o ABSOLUTE
    ../clib/printf.c                         0x00000000   Number         0  __2sprintf.o ABSOLUTE
    ../clib/printf.c                         0x00000000   Number         0  noretval__2sprintf.o ABSOLUTE
    ../clib/printf.c                         0x00000000   Number         0  __printf.o ABSOLUTE
    ../clib/printf.c                         0x00000000   Number         0  _printf_str.o ABSOLUTE
    ../clib/printf.c                         0x00000000   Number         0  __printf_flags.o ABSOLUTE
    ../clib/printf.c                         0x00000000   Number         0  __printf_ss.o ABSOLUTE
    ../clib/printf.c                         0x00000000   Number         0  __printf_flags_ss.o ABSOLUTE
    ../clib/printf.c                         0x00000000   Number         0  __printf_wp.o ABSOLUTE
    ../clib/printf.c                         0x00000000   Number         0  __printf_nopercent.o ABSOLUTE
    ../clib/printf.c                         0x00000000   Number         0  __printf_flags_wp.o ABSOLUTE
    ../clib/printf.c                         0x00000000   Number         0  __printf_ss_wp.o ABSOLUTE
    ../clib/printf.c                         0x00000000   Number         0  __printf_flags_ss_wp.o ABSOLUTE
    ../clib/printf.c                         0x00000000   Number         0  _printf_fp_dec.o ABSOLUTE
    ../clib/printf.c                         0x00000000   Number         0  _printf_fp_infnan.o ABSOLUTE
    ../clib/printf_percent.s                 0x00000000   Number         0  _printf_f.o ABSOLUTE
    ../clib/printf_percent.s                 0x00000000   Number         0  _printf_percent.o ABSOLUTE
    ../clib/printf_percent.s                 0x00000000   Number         0  _printf_percent_end.o ABSOLUTE
    ../clib/printf_percent.s                 0x00000000   Number         0  _printf_c.o ABSOLUTE
    ../clib/signal.c                         0x00000000   Number         0  defsig_general.o ABSOLUTE
    ../clib/signal.c                         0x00000000   Number         0  __raise.o ABSOLUTE
    ../clib/signal.c                         0x00000000   Number         0  defsig_other.o ABSOLUTE
    ../clib/signal.c                         0x00000000   Number         0  defsig_rtmem_formal.o ABSOLUTE
    ../clib/signal.c                         0x00000000   Number         0  defsig_segv_inner.o ABSOLUTE
    ../clib/signal.c                         0x00000000   Number         0  defsig_pvfn_inner.o ABSOLUTE
    ../clib/signal.c                         0x00000000   Number         0  defsig_fpe_outer.o ABSOLUTE
    ../clib/signal.c                         0x00000000   Number         0  defsig_stak_inner.o ABSOLUTE
    ../clib/signal.c                         0x00000000   Number         0  defsig_fpe_formal.o ABSOLUTE
    ../clib/signal.c                         0x00000000   Number         0  defsig_rtmem_inner.o ABSOLUTE
    ../clib/signal.c                         0x00000000   Number         0  defsig_rtred_inner.o ABSOLUTE
    ../clib/signal.c                         0x00000000   Number         0  defsig_abrt_inner.o ABSOLUTE
    ../clib/signal.c                         0x00000000   Number         0  defsig_cppl_inner.o ABSOLUTE
    ../clib/signal.c                         0x00000000   Number         0  defsig_rtmem_outer.o ABSOLUTE
    ../clib/signal.c                         0x00000000   Number         0  defsig_fpe_inner.o ABSOLUTE
    ../clib/signal.c                         0x00000000   Number         0  defsig_exit.o ABSOLUTE
    ../clib/signal.s                         0x00000000   Number         0  defsig.o ABSOLUTE
    ../clib/stdlib.c                         0x00000000   Number         0  exit.o ABSOLUTE
    ../clib/string.c                         0x00000000   Number         0  strcmp.o ABSOLUTE
    ../fplib/cfplib/cmpret.c                 0x00000000   Number         0  cmpret.o ABSOLUTE
    ../fplib/cfplib/daddsub.c                0x00000000   Number         0  daddsub.o ABSOLUTE
    ../fplib/cfplib/dcmpin.c                 0x00000000   Number         0  dcmpin.o ABSOLUTE
    ../fplib/cfplib/ddiv.c                   0x00000000   Number         0  ddiv.o ABSOLUTE
    ../fplib/cfplib/dmul.c                   0x00000000   Number         0  dmul.o ABSOLUTE
    ../fplib/cfplib/dsqrt.c                  0x00000000   Number         0  dsqrt.o ABSOLUTE
    ../fplib/cfplib/f2d.c                    0x00000000   Number         0  f2d.o ABSOLUTE
    ../fplib/cfplib/fflt.c                   0x00000000   Number         0  dflti.o ABSOLUTE
    ../fplib/cfplib/fpinit.c                 0x00000000   Number         0  fpinit.o ABSOLUTE
    ../fplib/cfplib/ieee_status.c            0x00000000   Number         0  ieee_status.o ABSOLUTE
    ../fplib/cfplib/nan2.c                   0x00000000   Number         0  dnan2.o ABSOLUTE
    ../fplib/cfplib/retnan.c                 0x00000000   Number         0  retnan.o ABSOLUTE
    ../fplib/cfplib/scalbn.c                 0x00000000   Number         0  dscalbn.o ABSOLUTE
    ../fplib/dleqf6m.s                       0x00000000   Number         0  dlef.o ABSOLUTE
    ../fplib/drleqf6m.s                      0x00000000   Number         0  drlef.o ABSOLUTE
    ../fplib/printf1.s                       0x00000000   Number         0  printf1.o ABSOLUTE
    ../fplib/usenofp.s                       0x00000000   Number         0  usenofp.o ABSOLUTE
    ../mathlib/dunder.c                      0x00000000   Number         0  dunder.o ABSOLUTE
    ../mathlib/fpclassify.c                  0x00000000   Number         0  fpclassify.o ABSOLUTE
    ../mathlib/poly.c                        0x00000000   Number         0  poly.o ABSOLUTE
    ../mathlib/pow.c                         0x00000000   Number         0  pow_x.o ABSOLUTE
    ../mathlib/pow.c                         0x00000000   Number         0  pow.o ABSOLUTE
    ../mathlib/qnan.c                        0x00000000   Number         0  qnan.o ABSOLUTE
    ../mathlib/sqrt.c                        0x00000000   Number         0  sqrt_x.o ABSOLUTE
    ../mathlib/sqrt.c                        0x00000000   Number         0  sqrt.o ABSOLUTE
    ADC.c                                    0x00000000   Number         0  adc.o ABSOLUTE
    ADC.c                                    0x00000000   Number         0  adc.o ABSOLUTE
    Motor.c                                  0x00000000   Number         0  motor.o ABSOLUTE
    Motor.c                                  0x00000000   Number         0  motor.o ABSOLUTE
    RTE\Device\MKL05Z32xxx4\startup_MKL05Z4.s 0x00000000   Number         0  startup_mkl05z4.o ABSOLUTE
    RTE\Device\MKL05Z32xxx4\system_MKL05Z4.c 0x00000000   Number         0  system_mkl05z4.o ABSOLUTE
    RTE\\Device\\MKL05Z32xxx4\\system_MKL05Z4.c 0x00000000   Number         0  system_mkl05z4.o ABSOLUTE
    buttons.c                                0x00000000   Number         0  buttons.o ABSOLUTE
    buttons.c                                0x00000000   Number         0  buttons.o ABSOLUTE
    dc.s                                     0x00000000   Number         0  dc.o ABSOLUTE
    i2c.c                                    0x00000000   Number         0  i2c.o ABSOLUTE
    i2c.c                                    0x00000000   Number         0  i2c.o ABSOLUTE
    lcd1602.c                                0x00000000   Number         0  lcd1602.o ABSOLUTE
    lcd1602.c                                0x00000000   Number         0  lcd1602.o ABSOLUTE
    main.c                                   0x00000000   Number         0  main.o ABSOLUTE
    main.c                                   0x00000000   Number         0  main.o ABSOLUTE
    pit.c                                    0x00000000   Number         0  pit.o ABSOLUTE
    pit.c                                    0x00000000   Number         0  pit.o ABSOLUTE
    uart0.c                                  0x00000000   Number         0  uart0.o ABSOLUTE
    uart0.c                                  0x00000000   Number         0  uart0.o ABSOLUTE
    !!!main                                  0x000000c0   Section        8  __main.o(!!!main)
    !!!scatter                               0x000000c8   Section       60  __scatter.o(!!!scatter)
    !!handler_copy                           0x00000104   Section       26  __scatter_copy.o(!!handler_copy)
    !!handler_zi                             0x00000120   Section       28  __scatter_zi.o(!!handler_zi)
    .ARM.Collect$$_printf_percent$$00000000  0x0000013c   Section        2  _printf_percent.o(.ARM.Collect$$_printf_percent$$00000000)
    .ARM.Collect$$_printf_percent$$00000003  0x0000013e   Section       10  _printf_f.o(.ARM.Collect$$_printf_percent$$00000003)
    .ARM.Collect$$_printf_percent$$00000013  0x00000148   Section       10  _printf_c.o(.ARM.Collect$$_printf_percent$$00000013)
    .ARM.Collect$$_printf_percent$$00000017  0x00000152   Section        4  _printf_percent_end.o(.ARM.Collect$$_printf_percent$$00000017)
    .ARM.Collect$$libinit$$00000000          0x00000156   Section        2  libinit.o(.ARM.Collect$$libinit$$00000000)
    .ARM.Collect$$libinit$$00000002          0x00000158   Section        0  libinit2.o(.ARM.Collect$$libinit$$00000002)
    .ARM.Collect$$libinit$$00000004          0x00000158   Section        0  libinit2.o(.ARM.Collect$$libinit$$00000004)
    .ARM.Collect$$libinit$$0000000A          0x00000158   Section        0  libinit2.o(.ARM.Collect$$libinit$$0000000A)
    .ARM.Collect$$libinit$$0000000C          0x00000158   Section        0  libinit2.o(.ARM.Collect$$libinit$$0000000C)
    .ARM.Collect$$libinit$$0000000E          0x00000158   Section        0  libinit2.o(.ARM.Collect$$libinit$$0000000E)
    .ARM.Collect$$libinit$$0000000F          0x00000158   Section        6  libinit2.o(.ARM.Collect$$libinit$$0000000F)
    .ARM.Collect$$libinit$$00000011          0x0000015e   Section        0  libinit2.o(.ARM.Collect$$libinit$$00000011)
    .ARM.Collect$$libinit$$00000013          0x0000015e   Section        0  libinit2.o(.ARM.Collect$$libinit$$00000013)
    .ARM.Collect$$libinit$$00000015          0x0000015e   Section        0  libinit2.o(.ARM.Collect$$libinit$$00000015)
    .ARM.Collect$$libinit$$00000016          0x0000015e   Section       10  libinit2.o(.ARM.Collect$$libinit$$00000016)
    .ARM.Collect$$libinit$$00000017          0x00000168   Section        0  libinit2.o(.ARM.Collect$$libinit$$00000017)
    .ARM.Collect$$libinit$$00000019          0x00000168   Section        0  libinit2.o(.ARM.Collect$$libinit$$00000019)
    .ARM.Collect$$libinit$$0000001B          0x00000168   Section        0  libinit2.o(.ARM.Collect$$libinit$$0000001B)
    .ARM.Collect$$libinit$$0000001D          0x00000168   Section        0  libinit2.o(.ARM.Collect$$libinit$$0000001D)
    .ARM.Collect$$libinit$$0000001F          0x00000168   Section        0  libinit2.o(.ARM.Collect$$libinit$$0000001F)
    .ARM.Collect$$libinit$$00000021          0x00000168   Section        0  libinit2.o(.ARM.Collect$$libinit$$00000021)
    .ARM.Collect$$libinit$$00000023          0x00000168   Section        0  libinit2.o(.ARM.Collect$$libinit$$00000023)
    .ARM.Collect$$libinit$$00000025          0x00000168   Section        0  libinit2.o(.ARM.Collect$$libinit$$00000025)
    .ARM.Collect$$libinit$$0000002C          0x00000168   Section        0  libinit2.o(.ARM.Collect$$libinit$$0000002C)
    .ARM.Collect$$libinit$$0000002E          0x00000168   Section        0  libinit2.o(.ARM.Collect$$libinit$$0000002E)
    .ARM.Collect$$libinit$$00000030          0x00000168   Section        0  libinit2.o(.ARM.Collect$$libinit$$00000030)
    .ARM.Collect$$libinit$$00000032          0x00000168   Section        0  libinit2.o(.ARM.Collect$$libinit$$00000032)
    .ARM.Collect$$libinit$$00000033          0x00000168   Section        2  libinit2.o(.ARM.Collect$$libinit$$00000033)
    .ARM.Collect$$libshutdown$$00000000      0x0000016a   Section        2  libshutdown.o(.ARM.Collect$$libshutdown$$00000000)
    .ARM.Collect$$libshutdown$$00000002      0x0000016c   Section        0  libshutdown2.o(.ARM.Collect$$libshutdown$$00000002)
    .ARM.Collect$$libshutdown$$00000004      0x0000016c   Section        0  libshutdown2.o(.ARM.Collect$$libshutdown$$00000004)
    .ARM.Collect$$libshutdown$$00000006      0x0000016c   Section        0  libshutdown2.o(.ARM.Collect$$libshutdown$$00000006)
    .ARM.Collect$$libshutdown$$00000009      0x0000016c   Section        0  libshutdown2.o(.ARM.Collect$$libshutdown$$00000009)
    .ARM.Collect$$libshutdown$$0000000C      0x0000016c   Section        0  libshutdown2.o(.ARM.Collect$$libshutdown$$0000000C)
    .ARM.Collect$$libshutdown$$0000000E      0x0000016c   Section        0  libshutdown2.o(.ARM.Collect$$libshutdown$$0000000E)
    .ARM.Collect$$libshutdown$$00000011      0x0000016c   Section        0  libshutdown2.o(.ARM.Collect$$libshutdown$$00000011)
    .ARM.Collect$$libshutdown$$00000012      0x0000016c   Section        2  libshutdown2.o(.ARM.Collect$$libshutdown$$00000012)
    .ARM.Collect$$rtentry$$00000000          0x0000016e   Section        0  __rtentry.o(.ARM.Collect$$rtentry$$00000000)
    .ARM.Collect$$rtentry$$00000002          0x0000016e   Section        0  __rtentry2.o(.ARM.Collect$$rtentry$$00000002)
    .ARM.Collect$$rtentry$$00000004          0x0000016e   Section        6  __rtentry4.o(.ARM.Collect$$rtentry$$00000004)
    .ARM.Collect$$rtentry$$00000009          0x00000174   Section        0  __rtentry2.o(.ARM.Collect$$rtentry$$00000009)
    .ARM.Collect$$rtentry$$0000000A          0x00000174   Section        4  __rtentry2.o(.ARM.Collect$$rtentry$$0000000A)
    .ARM.Collect$$rtentry$$0000000C          0x00000178   Section        0  __rtentry2.o(.ARM.Collect$$rtentry$$0000000C)
    .ARM.Collect$$rtentry$$0000000D          0x00000178   Section        8  __rtentry2.o(.ARM.Collect$$rtentry$$0000000D)
    .ARM.Collect$$rtexit$$00000000           0x00000180   Section        2  rtexit.o(.ARM.Collect$$rtexit$$00000000)
    .ARM.Collect$$rtexit$$00000002           0x00000182   Section        0  rtexit2.o(.ARM.Collect$$rtexit$$00000002)
    .ARM.Collect$$rtexit$$00000003           0x00000182   Section        4  rtexit2.o(.ARM.Collect$$rtexit$$00000003)
    .ARM.Collect$$rtexit$$00000004           0x00000186   Section        6  rtexit2.o(.ARM.Collect$$rtexit$$00000004)
    .emb_text                                0x0000018c   Section       56  rt_memcpy.o(.emb_text)
    .text                                    0x000001c4   Section        0  adc.o(.text)
    .text                                    0x000002f4   Section        0  pit.o(.text)
    .text                                    0x00000368   Section        0  uart0.o(.text)
    .text                                    0x000003e8   Section        0  heapauxi.o(.text)
    .text                                    0x000003ee   Section        0  _sputc.o(.text)
    .text                                    0x000003f8   Section        8  rt_locale_intlibspace.o(.text)
    .ARM.__at_0x400                          0x00000400   Section       16  startup_mkl05z4.o(.ARM.__at_0x400)
    .text                                    0x00000410   Section        0  i2c.o(.text)
    .text                                    0x000005a8   Section        0  lcd1602.o(.text)
    .text                                    0x000007bc   Section        0  main.o(.text)
    __NVIC_ClearPendingIRQ                   0x000008d1   Thumb Code    18  main.o(.text)
    .text                                    0x0000093c   Section        0  buttons.o(.text)
    __NVIC_SetPriority                       0x00000a45   Thumb Code   110  buttons.o(.text)
    .text                                    0x00000acc   Section        0  motor.o(.text)
    .text                                    0x00000bb8   Section       52  startup_mkl05z4.o(.text)
    .text                                    0x00000bec   Section        0  system_mkl05z4.o(.text)
    .text                                    0x00000d58   Section        0  noretval__2sprintf.o(.text)
    .text                                    0x00000d80   Section        0  _printf_str.o(.text)
    .text                                    0x00000dd2   Section        0  __printf_wp.o(.text)
    .text                                    0x00000ee0   Section      346  aeabi_sdiv.o(.text)
    .text                                    0x0000103c   Section        0  ddiv.o(.text)
    .text                                    0x00001484   Section        0  dflti.o(.text)
    .text                                    0x000014dc   Section        0  dmul.o(.text)
    .text                                    0x00001724   Section        0  f2d.o(.text)
    .text                                    0x00001778   Section        0  _rserrno.o(.text)
    .text                                    0x00001790   Section        0  _printf_fp_dec.o(.text)
    _fp_digits                               0x00001793   Thumb Code   412  _printf_fp_dec.o(.text)
    .text                                    0x00001ba8   Section        0  _printf_char_common.o(.text)
    _printf_input_char                       0x00001ba9   Thumb Code    10  _printf_char_common.o(.text)
    .text                                    0x00001bd8   Section        0  _printf_char.o(.text)
    .text                                    0x00001c08   Section        0  daddsub.o(.text)
    _dadd1                                   0x00001c09   Thumb Code   290  daddsub.o(.text)
    _dsub1                                   0x00001d2b   Thumb Code   470  daddsub.o(.text)
    .text                                    0x00001f60   Section        0  dscalbn.o(.text)
    .text                                    0x00001fc0   Section        8  rt_errno_addr_intlibspace.o(.text)
    .text                                    0x00001fc8   Section        0  lludiv10.o(.text)
    .text                                    0x00002044   Section        0  _printf_fp_infnan.o(.text)
    .text                                    0x000020cc   Section        0  bigflt0.o(.text)
    .text                                    0x000021a4   Section        0  btod.o(.text)
    btod_internal_mul                        0x000021e5   Thumb Code   492  btod.o(.text)
    btod_internal_div                        0x000023d1   Thumb Code   520  btod.o(.text)
    .text                                    0x00002724   Section        0  rtudiv10.o(.text)
    .text                                    0x0000274c   Section        0  dcmpin.o(.text)
    .text                                    0x000027dc   Section        0  dsqrt.o(.text)
    .text                                    0x000028dc   Section        8  libspace.o(.text)
    .text                                    0x000028e4   Section       62  sys_stackheap_outer.o(.text)
    .text                                    0x00002922   Section        0  exit.o(.text)
    .text                                    0x00002934   Section        0  strcmp.o(.text)
    .text                                    0x000029bc   Section        0  cmpret.o(.text)
    .text                                    0x000029ec   Section        0  dnan2.o(.text)
    .text                                    0x00002a00   Section        0  retnan.o(.text)
    .text                                    0x00002a60   Section        0  sys_exit.o(.text)
    .text                                    0x00002a6c   Section        2  use_no_semi.o(.text)
    .text                                    0x00002a6e   Section        0  indicate_semi.o(.text)
    i.__ARM_common_ll_muluu                  0x00002a6e   Section        0  btod.o(i.__ARM_common_ll_muluu)
    i.__ARM_common_switch8                   0x00002a9e   Section        0  system_mkl05z4.o(i.__ARM_common_switch8)
    i.__ARM_fpclassify                       0x00002abc   Section        0  fpclassify.o(i.__ARM_fpclassify)
    i.__kernel_poly                          0x00002ae8   Section        0  poly.o(i.__kernel_poly)
    i.__mathlib_dbl_divzero                  0x00002b94   Section        0  dunder.o(i.__mathlib_dbl_divzero)
    i.__mathlib_dbl_infnan2                  0x00002ba8   Section        0  dunder.o(i.__mathlib_dbl_infnan2)
    i.__mathlib_dbl_invalid                  0x00002bb0   Section        0  dunder.o(i.__mathlib_dbl_invalid)
    i.__mathlib_dbl_overflow                 0x00002bc0   Section        0  dunder.o(i.__mathlib_dbl_overflow)
    i.__mathlib_dbl_underflow                0x00002bd4   Section        0  dunder.o(i.__mathlib_dbl_underflow)
    i._is_digit                              0x00002be8   Section        0  __printf_wp.o(i._is_digit)
    i.pow                                    0x00002bf8   Section        0  pow.o(i.pow)
    i.sqrt                                   0x000035f4   Section        0  sqrt.o(i.sqrt)
    locale$$code                             0x0000363c   Section       44  lc_numeric_c.o(locale$$code)
    x$fpl$drleqf                             0x00003668   Section      104  drlef.o(x$fpl$drleqf)
    x$fpl$printf1                            0x000036d0   Section       16  printf1.o(x$fpl$printf1)
    .constdata                               0x000036e0   Section      128  ddiv.o(.constdata)
    x$fpl$usenofp                            0x000036e0   Section        0  usenofp.o(x$fpl$usenofp)
    ddiv_reciptbl                            0x000036e0   Data         128  ddiv.o(.constdata)
    .constdata                               0x00003760   Section      136  pow.o(.constdata)
    bp                                       0x00003760   Data          16  pow.o(.constdata)
    dp_h                                     0x00003770   Data          16  pow.o(.constdata)
    dp_l                                     0x00003780   Data          16  pow.o(.constdata)
    L                                        0x00003790   Data          48  pow.o(.constdata)
    P                                        0x000037c0   Data          40  pow.o(.constdata)
    .constdata                               0x000037e8   Section        8  qnan.o(.constdata)
    .constdata                               0x000037f0   Section      148  bigflt0.o(.constdata)
    tenpwrs_x                                0x000037f0   Data          60  bigflt0.o(.constdata)
    tenpwrs_i                                0x0000382c   Data          64  bigflt0.o(.constdata)
    locale$$data                             0x000038a4   Section       28  lc_numeric_c.o(locale$$data)
    __lcnum_c_name                           0x000038a8   Data           2  lc_numeric_c.o(locale$$data)
    __lcnum_c_start                          0x000038b0   Data           0  lc_numeric_c.o(locale$$data)
    __lcnum_c_point                          0x000038bc   Data           0  lc_numeric_c.o(locale$$data)
    __lcnum_c_thousands                      0x000038be   Data           0  lc_numeric_c.o(locale$$data)
    __lcnum_c_grouping                       0x000038bf   Data           0  lc_numeric_c.o(locale$$data)
    __lcnum_c_end                            0x000038c0   Data           0  lc_numeric_c.o(locale$$data)
    .data                                    0x1ffffc00   Section        4  i2c.o(.data)
    error                                    0x1ffffc00   Data           1  i2c.o(.data)
    timeout                                  0x1ffffc02   Data           2  i2c.o(.data)
    .data                                    0x1ffffc04   Section        2  lcd1602.o(.data)
    lcd_backlight                            0x1ffffc04   Data           1  lcd1602.o(.data)
    pcf_address                              0x1ffffc05   Data           1  lcd1602.o(.data)
    .data                                    0x1ffffc08   Section       16  main.o(.data)
    .data                                    0x1ffffc18   Section        4  motor.o(.data)
    disance                                  0x1ffffc18   Data           4  motor.o(.data)
    .data                                    0x1ffffc1c   Section        4  system_mkl05z4.o(.data)
    .bss                                     0x1ffffc20   Section       96  libspace.o(.bss)
    HEAP                                     0x1ffffc80   Section        0  startup_mkl05z4.o(HEAP)
    STACK                                    0x1ffffc80   Section      768  startup_mkl05z4.o(STACK)
    Heap_Mem                                 0x1ffffc80   Data           0  startup_mkl05z4.o(HEAP)
    Stack_Mem                                0x1ffffc80   Data         768  startup_mkl05z4.o(STACK)
    __initial_sp                             0x1fffff80   Data           0  startup_mkl05z4.o(STACK)

    Global Symbols

    Symbol Name                              Value     Ov Type        Size  Object(Section)

    BuildAttributes$$THM_ISAv3M$S$PE$A:L22$X:L11$S22$IEEE1$IW$USESV6$~STKCKD$USESV7$~SHL$OTIME$ROPI$IEEEX$EBA8$UX$STANDARDLIB$REQ8$PRES8$EABIv2 0x00000000   Number         0  anon$$obj.o ABSOLUTE
    __ARM_use_no_argv                        0x00000000   Number         0  main.o ABSOLUTE
    __Vectors                                0x00000000   Data           4  startup_mkl05z4.o(RESET)
    _printf_flags                            0x00000000   Number         0  printf_stubs.o ABSOLUTE
    _printf_return_value                     0x00000000   Number         0  printf_stubs.o ABSOLUTE
    _printf_sizespec                         0x00000000   Number         0  printf_stubs.o ABSOLUTE
    _printf_widthprec                        0x00000000   Number         0  printf_stubs.o ABSOLUTE
    __ARM_exceptions_init                     - Undefined Weak Reference
    __alloca_initialize                       - Undefined Weak Reference
    __arm_fini_                               - Undefined Weak Reference
    __arm_preinit_                            - Undefined Weak Reference
    __cpp_initialize__aeabi_                  - Undefined Weak Reference
    __cxa_finalize                            - Undefined Weak Reference
    __sigvec_lookup                           - Undefined Weak Reference
    _atexit_init                              - Undefined Weak Reference
    _call_atexit_fns                          - Undefined Weak Reference
    _clock_init                               - Undefined Weak Reference
    _fp_trap_init                             - Undefined Weak Reference
    _fp_trap_shutdown                         - Undefined Weak Reference
    _get_lc_collate                           - Undefined Weak Reference
    _get_lc_ctype                             - Undefined Weak Reference
    _get_lc_monetary                          - Undefined Weak Reference
    _get_lc_time                              - Undefined Weak Reference
    _getenv_init                              - Undefined Weak Reference
    _handle_redirection                       - Undefined Weak Reference
    _init_alloc                               - Undefined Weak Reference
    _init_user_alloc                          - Undefined Weak Reference
    _initio                                   - Undefined Weak Reference
    _printf_mbtowc                            - Undefined Weak Reference
    _printf_post_padding                      - Undefined Weak Reference
    _printf_pre_padding                       - Undefined Weak Reference
    _rand_init                                - Undefined Weak Reference
    _signal_finish                            - Undefined Weak Reference
    _signal_init                              - Undefined Weak Reference
    _terminate_alloc                          - Undefined Weak Reference
    _terminate_user_alloc                     - Undefined Weak Reference
    _terminateio                              - Undefined Weak Reference
    __Vectors_End                            0x000000c0   Data           0  startup_mkl05z4.o(RESET)
    __Vectors_Size                           0x000000c0   Number         0  startup_mkl05z4.o ABSOLUTE
    __main                                   0x000000c1   Thumb Code     8  __main.o(!!!main)
    __scatterload                            0x000000c9   Thumb Code     0  __scatter.o(!!!scatter)
    __scatterload_rt2                        0x000000c9   Thumb Code    52  __scatter.o(!!!scatter)
    __scatterload_rt2_thumb_only             0x000000c9   Thumb Code     0  __scatter.o(!!!scatter)
    __scatterload_null                       0x000000d9   Thumb Code     0  __scatter.o(!!!scatter)
    __scatterload_copy                       0x00000105   Thumb Code    26  __scatter_copy.o(!!handler_copy)
    __scatterload_zeroinit                   0x00000121   Thumb Code    28  __scatter_zi.o(!!handler_zi)
    _printf_percent                          0x0000013d   Thumb Code     0  _printf_percent.o(.ARM.Collect$$_printf_percent$$00000000)
    _printf_f                                0x0000013f   Thumb Code     0  _printf_f.o(.ARM.Collect$$_printf_percent$$00000003)
    _printf_c                                0x00000149   Thumb Code     0  _printf_c.o(.ARM.Collect$$_printf_percent$$00000013)
    _printf_percent_end                      0x00000153   Thumb Code     0  _printf_percent_end.o(.ARM.Collect$$_printf_percent$$00000017)
    __rt_lib_init                            0x00000157   Thumb Code     0  libinit.o(.ARM.Collect$$libinit$$00000000)
    __rt_lib_init_fp_1                       0x00000159   Thumb Code     0  libinit2.o(.ARM.Collect$$libinit$$00000002)
    __rt_lib_init_heap_1                     0x00000159   Thumb Code     0  libinit2.o(.ARM.Collect$$libinit$$0000000A)
    __rt_lib_init_lc_common                  0x00000159   Thumb Code     0  libinit2.o(.ARM.Collect$$libinit$$0000000F)
    __rt_lib_init_preinit_1                  0x00000159   Thumb Code     0  libinit2.o(.ARM.Collect$$libinit$$00000004)
    __rt_lib_init_rand_1                     0x00000159   Thumb Code     0  libinit2.o(.ARM.Collect$$libinit$$0000000E)
    __rt_lib_init_user_alloc_1               0x00000159   Thumb Code     0  libinit2.o(.ARM.Collect$$libinit$$0000000C)
    __rt_lib_init_lc_collate_1               0x0000015f   Thumb Code     0  libinit2.o(.ARM.Collect$$libinit$$00000011)
    __rt_lib_init_lc_ctype_1                 0x0000015f   Thumb Code     0  libinit2.o(.ARM.Collect$$libinit$$00000013)
    __rt_lib_init_lc_monetary_1              0x0000015f   Thumb Code     0  libinit2.o(.ARM.Collect$$libinit$$00000015)
    __rt_lib_init_lc_numeric_2               0x0000015f   Thumb Code     0  libinit2.o(.ARM.Collect$$libinit$$00000016)
    __rt_lib_init_alloca_1                   0x00000169   Thumb Code     0  libinit2.o(.ARM.Collect$$libinit$$0000002E)
    __rt_lib_init_argv_1                     0x00000169   Thumb Code     0  libinit2.o(.ARM.Collect$$libinit$$0000002C)
    __rt_lib_init_atexit_1                   0x00000169   Thumb Code     0  libinit2.o(.ARM.Collect$$libinit$$0000001B)
    __rt_lib_init_clock_1                    0x00000169   Thumb Code     0  libinit2.o(.ARM.Collect$$libinit$$00000021)
    __rt_lib_init_cpp_1                      0x00000169   Thumb Code     0  libinit2.o(.ARM.Collect$$libinit$$00000032)
    __rt_lib_init_exceptions_1               0x00000169   Thumb Code     0  libinit2.o(.ARM.Collect$$libinit$$00000030)
    __rt_lib_init_fp_trap_1                  0x00000169   Thumb Code     0  libinit2.o(.ARM.Collect$$libinit$$0000001F)
    __rt_lib_init_getenv_1                   0x00000169   Thumb Code     0  libinit2.o(.ARM.Collect$$libinit$$00000023)
    __rt_lib_init_lc_numeric_1               0x00000169   Thumb Code     0  libinit2.o(.ARM.Collect$$libinit$$00000017)
    __rt_lib_init_lc_time_1                  0x00000169   Thumb Code     0  libinit2.o(.ARM.Collect$$libinit$$00000019)
    __rt_lib_init_return                     0x00000169   Thumb Code     0  libinit2.o(.ARM.Collect$$libinit$$00000033)
    __rt_lib_init_signal_1                   0x00000169   Thumb Code     0  libinit2.o(.ARM.Collect$$libinit$$0000001D)
    __rt_lib_init_stdio_1                    0x00000169   Thumb Code     0  libinit2.o(.ARM.Collect$$libinit$$00000025)
    __rt_lib_shutdown                        0x0000016b   Thumb Code     0  libshutdown.o(.ARM.Collect$$libshutdown$$00000000)
    __rt_lib_shutdown_cpp_1                  0x0000016d   Thumb Code     0  libshutdown2.o(.ARM.Collect$$libshutdown$$00000004)
    __rt_lib_shutdown_fini_1                 0x0000016d   Thumb Code     0  libshutdown2.o(.ARM.Collect$$libshutdown$$00000002)
    __rt_lib_shutdown_fp_trap_1              0x0000016d   Thumb Code     0  libshutdown2.o(.ARM.Collect$$libshutdown$$00000009)
    __rt_lib_shutdown_heap_1                 0x0000016d   Thumb Code     0  libshutdown2.o(.ARM.Collect$$libshutdown$$00000011)
    __rt_lib_shutdown_return                 0x0000016d   Thumb Code     0  libshutdown2.o(.ARM.Collect$$libshutdown$$00000012)
    __rt_lib_shutdown_signal_1               0x0000016d   Thumb Code     0  libshutdown2.o(.ARM.Collect$$libshutdown$$0000000C)
    __rt_lib_shutdown_stdio_1                0x0000016d   Thumb Code     0  libshutdown2.o(.ARM.Collect$$libshutdown$$00000006)
    __rt_lib_shutdown_user_alloc_1           0x0000016d   Thumb Code     0  libshutdown2.o(.ARM.Collect$$libshutdown$$0000000E)
    __rt_entry                               0x0000016f   Thumb Code     0  __rtentry.o(.ARM.Collect$$rtentry$$00000000)
    __rt_entry_presh_1                       0x0000016f   Thumb Code     0  __rtentry2.o(.ARM.Collect$$rtentry$$00000002)
    __rt_entry_sh                            0x0000016f   Thumb Code     0  __rtentry4.o(.ARM.Collect$$rtentry$$00000004)
    __rt_entry_li                            0x00000175   Thumb Code     0  __rtentry2.o(.ARM.Collect$$rtentry$$0000000A)
    __rt_entry_postsh_1                      0x00000175   Thumb Code     0  __rtentry2.o(.ARM.Collect$$rtentry$$00000009)
    __rt_entry_main                          0x00000179   Thumb Code     0  __rtentry2.o(.ARM.Collect$$rtentry$$0000000D)
    __rt_entry_postli_1                      0x00000179   Thumb Code     0  __rtentry2.o(.ARM.Collect$$rtentry$$0000000C)
    __rt_exit                                0x00000181   Thumb Code     0  rtexit.o(.ARM.Collect$$rtexit$$00000000)
    __rt_exit_ls                             0x00000183   Thumb Code     0  rtexit2.o(.ARM.Collect$$rtexit$$00000003)
    __rt_exit_prels_1                        0x00000183   Thumb Code     0  rtexit2.o(.ARM.Collect$$rtexit$$00000002)
    __rt_exit_exit                           0x00000187   Thumb Code     0  rtexit2.o(.ARM.Collect$$rtexit$$00000004)
    __aeabi_memcpy4                          0x0000018d   Thumb Code    56  rt_memcpy.o(.emb_text)
    __aeabi_memcpy8                          0x0000018d   Thumb Code     0  rt_memcpy.o(.emb_text)
    ADC_Init                                 0x000001c5   Thumb Code   282  adc.o(.text)
    PIT_Init                                 0x000002f5   Thumb Code    90  pit.o(.text)
    UART0_Init                               0x00000369   Thumb Code   116  uart0.o(.text)
    __use_two_region_memory                  0x000003e9   Thumb Code     2  heapauxi.o(.text)
    __rt_heap_escrow$2region                 0x000003eb   Thumb Code     2  heapauxi.o(.text)
    __rt_heap_expand$2region                 0x000003ed   Thumb Code     2  heapauxi.o(.text)
    _sputc                                   0x000003ef   Thumb Code    10  _sputc.o(.text)
    __rt_locale                              0x000003f9   Thumb Code     8  rt_locale_intlibspace.o(.text)
    I2C_Init                                 0x00000411   Thumb Code   134  i2c.o(.text)
    i2c_disable                              0x00000497   Thumb Code    14  i2c.o(.text)
    i2c_m_stop                               0x000004a5   Thumb Code    14  i2c.o(.text)
    i2c_wait                                 0x000004b3   Thumb Code   100  i2c.o(.text)
    i2c_send                                 0x00000517   Thumb Code     6  i2c.o(.text)
    i2c_m_start                              0x0000051d   Thumb Code    14  i2c.o(.text)
    i2c_tran                                 0x0000052b   Thumb Code    14  i2c.o(.text)
    i2c_enable                               0x00000539   Thumb Code    14  i2c.o(.text)
    I2C_Write                                0x00000547   Thumb Code    60  i2c.o(.text)
    i2c_m_rstart                             0x00000583   Thumb Code    14  i2c.o(.text)
    PCF8574_Write                            0x000005a9   Thumb Code    32  lcd1602.o(.text)
    LCD1602_Write4                           0x000005c9   Thumb Code    74  lcd1602.o(.text)
    LCD1602_Write8                           0x00000613   Thumb Code    28  lcd1602.o(.text)
    LCD1602_CheckAddress                     0x0000062f   Thumb Code    48  lcd1602.o(.text)
    LCD1602_Init                             0x0000065f   Thumb Code    74  lcd1602.o(.text)
    LCD1602_Blink_On                         0x000006a9   Thumb Code    12  lcd1602.o(.text)
    LCD1602_Blink_Off                        0x000006b5   Thumb Code    12  lcd1602.o(.text)
    LCD1602_SetCursor                        0x000006c1   Thumb Code    30  lcd1602.o(.text)
    LCD1602_ClearAll                         0x000006df   Thumb Code    12  lcd1602.o(.text)
    LCD1602_Print                            0x000006eb   Thumb Code    28  lcd1602.o(.text)
    itoa                                     0x00000707   Thumb Code   108  lcd1602.o(.text)
    LCD1602_PrintNum                         0x00000773   Thumb Code    32  lcd1602.o(.text)
    LCD1602_Backlight                        0x00000793   Thumb Code    16  lcd1602.o(.text)
    PIT_IRQHandler                           0x000007bd   Thumb Code    16  main.o(.text)
    ADC0_IRQHandler                          0x000007cd   Thumb Code    44  main.o(.text)
    main                                     0x000007f9   Thumb Code   216  main.o(.text)
    PORTB_IRQHandler                         0x0000093d   Thumb Code   100  buttons.o(.text)
    buttonsInitialize                        0x000009a1   Thumb Code   164  buttons.o(.text)
    motorCntrl                               0x00000acd   Thumb Code    38  motor.o(.text)
    motor_speed                              0x00000af3   Thumb Code    24  motor.o(.text)
    motor_start                              0x00000b0b   Thumb Code    36  motor.o(.text)
    motor_right                              0x00000b2f   Thumb Code    58  motor.o(.text)
    motor_left                               0x00000b69   Thumb Code    58  motor.o(.text)
    Reset_Handler                            0x00000bb9   Thumb Code     8  startup_mkl05z4.o(.text)
    NMI_Handler                              0x00000bc1   Thumb Code     2  startup_mkl05z4.o(.text)
    HardFault_Handler                        0x00000bc3   Thumb Code     2  startup_mkl05z4.o(.text)
    SVC_Handler                              0x00000bc5   Thumb Code     2  startup_mkl05z4.o(.text)
    PendSV_Handler                           0x00000bc7   Thumb Code     2  startup_mkl05z4.o(.text)
    SysTick_Handler                          0x00000bc9   Thumb Code     2  startup_mkl05z4.o(.text)
    CMP0_IRQHandler                          0x00000bcb   Thumb Code     0  startup_mkl05z4.o(.text)
    DAC0_IRQHandler                          0x00000bcb   Thumb Code     0  startup_mkl05z4.o(.text)
    DMA0_IRQHandler                          0x00000bcb   Thumb Code     0  startup_mkl05z4.o(.text)
    DMA1_IRQHandler                          0x00000bcb   Thumb Code     0  startup_mkl05z4.o(.text)
    DMA2_IRQHandler                          0x00000bcb   Thumb Code     0  startup_mkl05z4.o(.text)
    DMA3_IRQHandler                          0x00000bcb   Thumb Code     0  startup_mkl05z4.o(.text)
    DefaultISR                               0x00000bcb   Thumb Code     0  startup_mkl05z4.o(.text)
    FTFA_IRQHandler                          0x00000bcb   Thumb Code     0  startup_mkl05z4.o(.text)
    I2C0_IRQHandler                          0x00000bcb   Thumb Code     0  startup_mkl05z4.o(.text)
    LLW_IRQHandler                           0x00000bcb   Thumb Code     0  startup_mkl05z4.o(.text)
    LPTimer_IRQHandler                       0x00000bcb   Thumb Code     0  startup_mkl05z4.o(.text)
    LVD_LVW_IRQHandler                       0x00000bcb   Thumb Code     0  startup_mkl05z4.o(.text)
    MCG_IRQHandler                           0x00000bcb   Thumb Code     0  startup_mkl05z4.o(.text)
    PORTA_IRQHandler                         0x00000bcb   Thumb Code     0  startup_mkl05z4.o(.text)
    RTC_IRQHandler                           0x00000bcb   Thumb Code     0  startup_mkl05z4.o(.text)
    RTC_Seconds_IRQHandler                   0x00000bcb   Thumb Code     0  startup_mkl05z4.o(.text)
    Reserved20_IRQHandler                    0x00000bcb   Thumb Code     0  startup_mkl05z4.o(.text)
    Reserved25_IRQHandler                    0x00000bcb   Thumb Code     0  startup_mkl05z4.o(.text)
    Reserved27_IRQHandler                    0x00000bcb   Thumb Code     0  startup_mkl05z4.o(.text)
    Reserved29_IRQHandler                    0x00000bcb   Thumb Code     0  startup_mkl05z4.o(.text)
    Reserved30_IRQHandler                    0x00000bcb   Thumb Code     0  startup_mkl05z4.o(.text)
    Reserved35_IRQHandler                    0x00000bcb   Thumb Code     0  startup_mkl05z4.o(.text)
    Reserved39_IRQHandler                    0x00000bcb   Thumb Code     0  startup_mkl05z4.o(.text)
    Reserved40_IRQHandler                    0x00000bcb   Thumb Code     0  startup_mkl05z4.o(.text)
    Reserved45_IRQHandler                    0x00000bcb   Thumb Code     0  startup_mkl05z4.o(.text)
    SPI0_IRQHandler                          0x00000bcb   Thumb Code     0  startup_mkl05z4.o(.text)
    TPM0_IRQHandler                          0x00000bcb   Thumb Code     0  startup_mkl05z4.o(.text)
    TPM1_IRQHandler                          0x00000bcb   Thumb Code     0  startup_mkl05z4.o(.text)
    TSI0_IRQHandler                          0x00000bcb   Thumb Code     0  startup_mkl05z4.o(.text)
    UART0_IRQHandler                         0x00000bcb   Thumb Code     0  startup_mkl05z4.o(.text)
    __user_initial_stackheap                 0x00000bcd   Thumb Code     0  startup_mkl05z4.o(.text)
    SystemInit                               0x00000bed   Thumb Code    78  system_mkl05z4.o(.text)
    SystemCoreClockUpdate                    0x00000c3b   Thumb Code   256  system_mkl05z4.o(.text)
    __2sprintf                               0x00000d59   Thumb Code    36  noretval__2sprintf.o(.text)
    _printf_str                              0x00000d81   Thumb Code    82  _printf_str.o(.text)
    __printf                                 0x00000dd3   Thumb Code   270  __printf_wp.o(.text)
    __aeabi_uidiv                            0x00000ee1   Thumb Code     0  aeabi_sdiv.o(.text)
    __aeabi_uidivmod                         0x00000ee1   Thumb Code    20  aeabi_sdiv.o(.text)
    __aeabi_idiv                             0x00000ef5   Thumb Code     0  aeabi_sdiv.o(.text)
    __aeabi_idivmod                          0x00000ef5   Thumb Code   326  aeabi_sdiv.o(.text)
    __aeabi_ddiv                             0x0000103d   Thumb Code     0  ddiv.o(.text)
    _ddiv                                    0x0000103d   Thumb Code  1072  ddiv.o(.text)
    _drdiv                                   0x0000146d   Thumb Code    20  ddiv.o(.text)
    __aeabi_i2d_normalise                    0x00001485   Thumb Code    66  dflti.o(.text)
    __aeabi_i2d                              0x000014c7   Thumb Code    16  dflti.o(.text)
    _dflt                                    0x000014c7   Thumb Code     0  dflti.o(.text)
    __aeabi_ui2d                             0x000014d7   Thumb Code     6  dflti.o(.text)
    _dfltu                                   0x000014d7   Thumb Code     0  dflti.o(.text)
    __aeabi_dmul                             0x000014dd   Thumb Code     0  dmul.o(.text)
    _dmul                                    0x000014dd   Thumb Code   558  dmul.o(.text)
    __aeabi_f2d                              0x00001725   Thumb Code     0  f2d.o(.text)
    _f2d                                     0x00001725   Thumb Code    80  f2d.o(.text)
    __read_errno                             0x00001779   Thumb Code    10  _rserrno.o(.text)
    __set_errno                              0x00001783   Thumb Code    12  _rserrno.o(.text)
    __lib_sel_fp_printf                      0x00001791   Thumb Code     2  _printf_fp_dec.o(.text)
    _printf_fp_dec_real                      0x0000192f   Thumb Code   620  _printf_fp_dec.o(.text)
    _printf_char_common                      0x00001bb3   Thumb Code    32  _printf_char_common.o(.text)
    _printf_cs_common                        0x00001bd9   Thumb Code    22  _printf_char.o(.text)
    _printf_char                             0x00001bef   Thumb Code    16  _printf_char.o(.text)
    _printf_string                           0x00001bff   Thumb Code     8  _printf_char.o(.text)
    __aeabi_dadd                             0x00001f01   Thumb Code     0  daddsub.o(.text)
    _dadd                                    0x00001f01   Thumb Code    26  daddsub.o(.text)
    __aeabi_dsub                             0x00001f1b   Thumb Code     0  daddsub.o(.text)
    _dsub                                    0x00001f1b   Thumb Code    22  daddsub.o(.text)
    __aeabi_drsub                            0x00001f31   Thumb Code     0  daddsub.o(.text)
    _drsb                                    0x00001f31   Thumb Code    28  daddsub.o(.text)
    __ARM_scalbn                             0x00001f61   Thumb Code    84  dscalbn.o(.text)
    __aeabi_errno_addr                       0x00001fc1   Thumb Code     8  rt_errno_addr_intlibspace.o(.text)
    __errno$intlibspace                      0x00001fc1   Thumb Code     0  rt_errno_addr_intlibspace.o(.text)
    __rt_errno_addr$intlibspace              0x00001fc1   Thumb Code     0  rt_errno_addr_intlibspace.o(.text)
    _ll_udiv10                               0x00001fc9   Thumb Code   122  lludiv10.o(.text)
    _printf_fp_infnan                        0x00002045   Thumb Code   120  _printf_fp_infnan.o(.text)
    _btod_etento                             0x000020cd   Thumb Code   210  bigflt0.o(.text)
    _btod_d2e                                0x000021a5   Thumb Code    64  btod.o(.text)
    _btod_emul                               0x000025d9   Thumb Code    28  btod.o(.text)
    _btod_emuld                              0x000025f5   Thumb Code   144  btod.o(.text)
    _btod_ediv                               0x00002685   Thumb Code    26  btod.o(.text)
    _btod_edivd                              0x0000269f   Thumb Code   124  btod.o(.text)
    __rt_udiv10                              0x00002725   Thumb Code    40  rtudiv10.o(.text)
    __fpl_dcmp_InfNaN                        0x0000274d   Thumb Code   140  dcmpin.o(.text)
    _dsqrt                                   0x000027dd   Thumb Code   248  dsqrt.o(.text)
    __user_libspace                          0x000028dd   Thumb Code     8  libspace.o(.text)
    __user_perproc_libspace                  0x000028dd   Thumb Code     0  libspace.o(.text)
    __user_perthread_libspace                0x000028dd   Thumb Code     0  libspace.o(.text)
    __user_setup_stackheap                   0x000028e5   Thumb Code    62  sys_stackheap_outer.o(.text)
    exit                                     0x00002923   Thumb Code    16  exit.o(.text)
    strcmp                                   0x00002935   Thumb Code   132  strcmp.o(.text)
    __fpl_cmpreturn                          0x000029bd   Thumb Code    46  cmpret.o(.text)
    __fpl_dcheck_NaN2                        0x000029ed   Thumb Code    14  dnan2.o(.text)
    __fpl_return_NaN                         0x00002a01   Thumb Code    94  retnan.o(.text)
    _sys_exit                                0x00002a61   Thumb Code     8  sys_exit.o(.text)
    __I$use$semihosting                      0x00002a6d   Thumb Code     0  use_no_semi.o(.text)
    __use_no_semihosting_swi                 0x00002a6d   Thumb Code     2  use_no_semi.o(.text)
    __ARM_common_ll_muluu                    0x00002a6f   Thumb Code    48  btod.o(i.__ARM_common_ll_muluu)
    __semihosting_library_function           0x00002a6f   Thumb Code     0  indicate_semi.o(.text)
    __ARM_common_switch8                     0x00002a9f   Thumb Code    28  system_mkl05z4.o(i.__ARM_common_switch8)
    __ARM_fpclassify                         0x00002abd   Thumb Code    40  fpclassify.o(i.__ARM_fpclassify)
    __kernel_poly                            0x00002ae9   Thumb Code   172  poly.o(i.__kernel_poly)
    __mathlib_dbl_divzero                    0x00002b95   Thumb Code    16  dunder.o(i.__mathlib_dbl_divzero)
    __mathlib_dbl_infnan2                    0x00002ba9   Thumb Code     8  dunder.o(i.__mathlib_dbl_infnan2)
    __mathlib_dbl_invalid                    0x00002bb1   Thumb Code    16  dunder.o(i.__mathlib_dbl_invalid)
    __mathlib_dbl_overflow                   0x00002bc1   Thumb Code    16  dunder.o(i.__mathlib_dbl_overflow)
    __mathlib_dbl_underflow                  0x00002bd5   Thumb Code    14  dunder.o(i.__mathlib_dbl_underflow)
    _is_digit                                0x00002be9   Thumb Code    14  __printf_wp.o(i._is_digit)
    pow                                      0x00002bf9   Thumb Code  2548  pow.o(i.pow)
    sqrt                                     0x000035f5   Thumb Code    66  sqrt.o(i.sqrt)
    _get_lc_numeric                          0x0000363d   Thumb Code    44  lc_numeric_c.o(locale$$code)
    __aeabi_cdrcmple                         0x00003669   Thumb Code     0  drlef.o(x$fpl$drleqf)
    _drcmple                                 0x00003669   Thumb Code   100  drlef.o(x$fpl$drleqf)
    _printf_fp_dec                           0x000036d1   Thumb Code    16  printf1.o(x$fpl$printf1)
    __I$use$fp                               0x000036e0   Number         0  usenofp.o(x$fpl$usenofp)
    __mathlib_zero                           0x000037e8   Data           8  qnan.o(.constdata)
    Region$$Table$$Base                      0x00003884   Number         0  anon$$obj.o(Region$$Table)
    Region$$Table$$Limit                     0x000038a4   Number         0  anon$$obj.o(Region$$Table)
    volt_coeff                               0x1ffffc08   Data           4  main.o(.data)
    wynik_ok                                 0x1ffffc0c   Data           1  main.o(.data)
    temp                                     0x1ffffc0e   Data           2  main.o(.data)
    wynik                                    0x1ffffc10   Data           8  main.o(.data)
    SystemCoreClock                          0x1ffffc1c   Data           4  system_mkl05z4.o(.data)
    __libspace_start                         0x1ffffc20   Data          96  libspace.o(.bss)
    __temporary_stack_top$libspace           0x1ffffc80   Data           0  libspace.o(.bss)



==============================================================================

Memory Map of the image

  Image Entry point : 0x000000c1

  Load Region LR_IROM1 (Base: 0x00000000, Size: 0x000038e0, Max: 0x00008000, ABSOLUTE)

    Execution Region ER_IROM1 (Exec base: 0x00000000, Load base: 0x00000000, Size: 0x000038c0, Max: 0x00008000, ABSOLUTE)

    Exec Addr    Load Addr    Size         Type   Attr      Idx    E Section Name        Object

    0x00000000   0x00000000   0x000000c0   Data   RO          247    RESET               startup_mkl05z4.o
    0x000000c0   0x000000c0   0x00000008   Code   RO          326  * !!!main             c_p.l(__main.o)
    0x000000c8   0x000000c8   0x0000003c   Code   RO          607    !!!scatter          c_p.l(__scatter.o)
    0x00000104   0x00000104   0x0000001a   Code   RO          609    !!handler_copy      c_p.l(__scatter_copy.o)
    0x0000011e   0x0000011e   0x00000002   PAD
    0x00000120   0x00000120   0x0000001c   Code   RO          611    !!handler_zi        c_p.l(__scatter_zi.o)
    0x0000013c   0x0000013c   0x00000002   Code   RO          315    .ARM.Collect$$_printf_percent$$00000000  c_p.l(_printf_percent.o)
    0x0000013e   0x0000013e   0x0000000a   Code   RO          314    .ARM.Collect$$_printf_percent$$00000003  c_p.l(_printf_f.o)
    0x00000148   0x00000148   0x0000000a   Code   RO          313    .ARM.Collect$$_printf_percent$$00000013  c_p.l(_printf_c.o)
    0x00000152   0x00000152   0x00000004   Code   RO          364    .ARM.Collect$$_printf_percent$$00000017  c_p.l(_printf_percent_end.o)
    0x00000156   0x00000156   0x00000002   Code   RO          471    .ARM.Collect$$libinit$$00000000  c_p.l(libinit.o)
    0x00000158   0x00000158   0x00000000   Code   RO          473    .ARM.Collect$$libinit$$00000002  c_p.l(libinit2.o)
    0x00000158   0x00000158   0x00000000   Code   RO          475    .ARM.Collect$$libinit$$00000004  c_p.l(libinit2.o)
    0x00000158   0x00000158   0x00000000   Code   RO          478    .ARM.Collect$$libinit$$0000000A  c_p.l(libinit2.o)
    0x00000158   0x00000158   0x00000000   Code   RO          480    .ARM.Collect$$libinit$$0000000C  c_p.l(libinit2.o)
    0x00000158   0x00000158   0x00000000   Code   RO          482    .ARM.Collect$$libinit$$0000000E  c_p.l(libinit2.o)
    0x00000158   0x00000158   0x00000006   Code   RO          483    .ARM.Collect$$libinit$$0000000F  c_p.l(libinit2.o)
    0x0000015e   0x0000015e   0x00000000   Code   RO          485    .ARM.Collect$$libinit$$00000011  c_p.l(libinit2.o)
    0x0000015e   0x0000015e   0x00000000   Code   RO          487    .ARM.Collect$$libinit$$00000013  c_p.l(libinit2.o)
    0x0000015e   0x0000015e   0x00000000   Code   RO          489    .ARM.Collect$$libinit$$00000015  c_p.l(libinit2.o)
    0x0000015e   0x0000015e   0x0000000a   Code   RO          490    .ARM.Collect$$libinit$$00000016  c_p.l(libinit2.o)
    0x00000168   0x00000168   0x00000000   Code   RO          491    .ARM.Collect$$libinit$$00000017  c_p.l(libinit2.o)
    0x00000168   0x00000168   0x00000000   Code   RO          493    .ARM.Collect$$libinit$$00000019  c_p.l(libinit2.o)
    0x00000168   0x00000168   0x00000000   Code   RO          495    .ARM.Collect$$libinit$$0000001B  c_p.l(libinit2.o)
    0x00000168   0x00000168   0x00000000   Code   RO          497    .ARM.Collect$$libinit$$0000001D  c_p.l(libinit2.o)
    0x00000168   0x00000168   0x00000000   Code   RO          499    .ARM.Collect$$libinit$$0000001F  c_p.l(libinit2.o)
    0x00000168   0x00000168   0x00000000   Code   RO          501    .ARM.Collect$$libinit$$00000021  c_p.l(libinit2.o)
    0x00000168   0x00000168   0x00000000   Code   RO          503    .ARM.Collect$$libinit$$00000023  c_p.l(libinit2.o)
    0x00000168   0x00000168   0x00000000   Code   RO          505    .ARM.Collect$$libinit$$00000025  c_p.l(libinit2.o)
    0x00000168   0x00000168   0x00000000   Code   RO          509    .ARM.Collect$$libinit$$0000002C  c_p.l(libinit2.o)
    0x00000168   0x00000168   0x00000000   Code   RO          511    .ARM.Collect$$libinit$$0000002E  c_p.l(libinit2.o)
    0x00000168   0x00000168   0x00000000   Code   RO          513    .ARM.Collect$$libinit$$00000030  c_p.l(libinit2.o)
    0x00000168   0x00000168   0x00000000   Code   RO          515    .ARM.Collect$$libinit$$00000032  c_p.l(libinit2.o)
    0x00000168   0x00000168   0x00000002   Code   RO          516    .ARM.Collect$$libinit$$00000033  c_p.l(libinit2.o)
    0x0000016a   0x0000016a   0x00000002   Code   RO          570    .ARM.Collect$$libshutdown$$00000000  c_p.l(libshutdown.o)
    0x0000016c   0x0000016c   0x00000000   Code   RO          588    .ARM.Collect$$libshutdown$$00000002  c_p.l(libshutdown2.o)
    0x0000016c   0x0000016c   0x00000000   Code   RO          590    .ARM.Collect$$libshutdown$$00000004  c_p.l(libshutdown2.o)
    0x0000016c   0x0000016c   0x00000000   Code   RO          592    .ARM.Collect$$libshutdown$$00000006  c_p.l(libshutdown2.o)
    0x0000016c   0x0000016c   0x00000000   Code   RO          595    .ARM.Collect$$libshutdown$$00000009  c_p.l(libshutdown2.o)
    0x0000016c   0x0000016c   0x00000000   Code   RO          598    .ARM.Collect$$libshutdown$$0000000C  c_p.l(libshutdown2.o)
    0x0000016c   0x0000016c   0x00000000   Code   RO          600    .ARM.Collect$$libshutdown$$0000000E  c_p.l(libshutdown2.o)
    0x0000016c   0x0000016c   0x00000000   Code   RO          603    .ARM.Collect$$libshutdown$$00000011  c_p.l(libshutdown2.o)
    0x0000016c   0x0000016c   0x00000002   Code   RO          604    .ARM.Collect$$libshutdown$$00000012  c_p.l(libshutdown2.o)
    0x0000016e   0x0000016e   0x00000000   Code   RO          349    .ARM.Collect$$rtentry$$00000000  c_p.l(__rtentry.o)
    0x0000016e   0x0000016e   0x00000000   Code   RO          400    .ARM.Collect$$rtentry$$00000002  c_p.l(__rtentry2.o)
    0x0000016e   0x0000016e   0x00000006   Code   RO          412    .ARM.Collect$$rtentry$$00000004  c_p.l(__rtentry4.o)
    0x00000174   0x00000174   0x00000000   Code   RO          402    .ARM.Collect$$rtentry$$00000009  c_p.l(__rtentry2.o)
    0x00000174   0x00000174   0x00000004   Code   RO          403    .ARM.Collect$$rtentry$$0000000A  c_p.l(__rtentry2.o)
    0x00000178   0x00000178   0x00000000   Code   RO          405    .ARM.Collect$$rtentry$$0000000C  c_p.l(__rtentry2.o)
    0x00000178   0x00000178   0x00000008   Code   RO          406    .ARM.Collect$$rtentry$$0000000D  c_p.l(__rtentry2.o)
    0x00000180   0x00000180   0x00000002   Code   RO          522    .ARM.Collect$$rtexit$$00000000  c_p.l(rtexit.o)
    0x00000182   0x00000182   0x00000000   Code   RO          539    .ARM.Collect$$rtexit$$00000002  c_p.l(rtexit2.o)
    0x00000182   0x00000182   0x00000004   Code   RO          540    .ARM.Collect$$rtexit$$00000003  c_p.l(rtexit2.o)
    0x00000186   0x00000186   0x00000006   Code   RO          541    .ARM.Collect$$rtexit$$00000004  c_p.l(rtexit2.o)
    0x0000018c   0x0000018c   0x00000038   Code   RO          316    .emb_text           c_p.l(rt_memcpy.o)
    0x000001c4   0x000001c4   0x00000130   Code   RO            3    .text               adc.o
    0x000002f4   0x000002f4   0x00000074   Code   RO          159    .text               pit.o
    0x00000368   0x00000368   0x00000080   Code   RO          227    .text               uart0.o
    0x000003e8   0x000003e8   0x00000006   Code   RO          324    .text               c_p.l(heapauxi.o)
    0x000003ee   0x000003ee   0x0000000a   Code   RO          360    .text               c_p.l(_sputc.o)
    0x000003f8   0x000003f8   0x00000008   Code   RO          419    .text               c_p.l(rt_locale_intlibspace.o)
    0x00000400   0x00000400   0x00000010   Code   RO          248    .ARM.__at_0x400     startup_mkl05z4.o
    0x00000410   0x00000410   0x00000198   Code   RO           51    .text               i2c.o
    0x000005a8   0x000005a8   0x00000214   Code   RO           82    .text               lcd1602.o
    0x000007bc   0x000007bc   0x00000180   Code   RO          107    .text               main.o
    0x0000093c   0x0000093c   0x00000190   Code   RO          179    .text               buttons.o
    0x00000acc   0x00000acc   0x000000ec   Code   RO          202    .text               motor.o
    0x00000bb8   0x00000bb8   0x00000034   Code   RO          249    .text               startup_mkl05z4.o
    0x00000bec   0x00000bec   0x0000016c   Code   RO          257    .text               system_mkl05z4.o
    0x00000d58   0x00000d58   0x00000028   Code   RO          287    .text               c_p.l(noretval__2sprintf.o)
    0x00000d80   0x00000d80   0x00000052   Code   RO          291    .text               c_p.l(_printf_str.o)
    0x00000dd2   0x00000dd2   0x0000010e   Code   RO          301    .text               c_p.l(__printf_wp.o)
    0x00000ee0   0x00000ee0   0x0000015a   Code   RO          320    .text               c_p.l(aeabi_sdiv.o)
    0x0000103a   0x0000103a   0x00000002   PAD
    0x0000103c   0x0000103c   0x00000448   Code   RO          328    .text               fz_ps.l(ddiv.o)
    0x00001484   0x00001484   0x00000058   Code   RO          331    .text               fz_ps.l(dflti.o)
    0x000014dc   0x000014dc   0x00000248   Code   RO          333    .text               fz_ps.l(dmul.o)
    0x00001724   0x00001724   0x00000054   Code   RO          335    .text               fz_ps.l(f2d.o)
    0x00001778   0x00001778   0x00000016   Code   RO          354    .text               c_p.l(_rserrno.o)
    0x0000178e   0x0000178e   0x00000002   PAD
    0x00001790   0x00001790   0x00000418   Code   RO          356    .text               c_p.l(_printf_fp_dec.o)
    0x00001ba8   0x00001ba8   0x00000030   Code   RO          358    .text               c_p.l(_printf_char_common.o)
    0x00001bd8   0x00001bd8   0x0000002e   Code   RO          362    .text               c_p.l(_printf_char.o)
    0x00001c06   0x00001c06   0x00000002   PAD
    0x00001c08   0x00001c08   0x00000358   Code   RO          365    .text               fz_ps.l(daddsub.o)
    0x00001f60   0x00001f60   0x00000060   Code   RO          369    .text               fz_ps.l(dscalbn.o)
    0x00001fc0   0x00001fc0   0x00000008   Code   RO          424    .text               c_p.l(rt_errno_addr_intlibspace.o)
    0x00001fc8   0x00001fc8   0x0000007a   Code   RO          426    .text               c_p.l(lludiv10.o)
    0x00002042   0x00002042   0x00000002   PAD
    0x00002044   0x00002044   0x00000088   Code   RO          428    .text               c_p.l(_printf_fp_infnan.o)
    0x000020cc   0x000020cc   0x000000d8   Code   RO          432    .text               c_p.l(bigflt0.o)
    0x000021a4   0x000021a4   0x00000580   Code   RO          435    .text               c_p.l(btod.o)
    0x00002724   0x00002724   0x00000028   Code   RO          442    .text               c_p.l(rtudiv10.o)
    0x0000274c   0x0000274c   0x00000090   Code   RO          444    .text               fz_ps.l(dcmpin.o)
    0x000027dc   0x000027dc   0x00000100   Code   RO          448    .text               fz_ps.l(dsqrt.o)
    0x000028dc   0x000028dc   0x00000008   Code   RO          452    .text               c_p.l(libspace.o)
    0x000028e4   0x000028e4   0x0000003e   Code   RO          455    .text               c_p.l(sys_stackheap_outer.o)
    0x00002922   0x00002922   0x00000010   Code   RO          458    .text               c_p.l(exit.o)
    0x00002932   0x00002932   0x00000002   PAD
    0x00002934   0x00002934   0x00000088   Code   RO          464    .text               c_p.l(strcmp.o)
    0x000029bc   0x000029bc   0x0000002e   Code   RO          517    .text               fz_ps.l(cmpret.o)
    0x000029ea   0x000029ea   0x00000002   PAD
    0x000029ec   0x000029ec   0x00000014   Code   RO          519    .text               fz_ps.l(dnan2.o)
    0x00002a00   0x00002a00   0x0000005e   Code   RO          534    .text               fz_ps.l(retnan.o)
    0x00002a5e   0x00002a5e   0x00000002   PAD
    0x00002a60   0x00002a60   0x0000000c   Code   RO          536    .text               c_p.l(sys_exit.o)
    0x00002a6c   0x00002a6c   0x00000002   Code   RO          557    .text               c_p.l(use_no_semi.o)
    0x00002a6e   0x00002a6e   0x00000000   Code   RO          559    .text               c_p.l(indicate_semi.o)
    0x00002a6e   0x00002a6e   0x00000030   Code   RO          437    i.__ARM_common_ll_muluu  c_p.l(btod.o)
    0x00002a9e   0x00002a9e   0x0000001c   Code   RO          275    i.__ARM_common_switch8  system_mkl05z4.o
    0x00002aba   0x00002aba   0x00000002   PAD
    0x00002abc   0x00002abc   0x0000002c   Code   RO          386    i.__ARM_fpclassify  m_ps.l(fpclassify.o)
    0x00002ae8   0x00002ae8   0x000000ac   Code   RO          388    i.__kernel_poly     m_ps.l(poly.o)
    0x00002b94   0x00002b94   0x00000014   Code   RO          372    i.__mathlib_dbl_divzero  m_ps.l(dunder.o)
    0x00002ba8   0x00002ba8   0x00000008   Code   RO          374    i.__mathlib_dbl_infnan2  m_ps.l(dunder.o)
    0x00002bb0   0x00002bb0   0x00000010   Code   RO          375    i.__mathlib_dbl_invalid  m_ps.l(dunder.o)
    0x00002bc0   0x00002bc0   0x00000014   Code   RO          376    i.__mathlib_dbl_overflow  m_ps.l(dunder.o)
    0x00002bd4   0x00002bd4   0x00000014   Code   RO          378    i.__mathlib_dbl_underflow  m_ps.l(dunder.o)
    0x00002be8   0x00002be8   0x0000000e   Code   RO          303    i._is_digit         c_p.l(__printf_wp.o)
    0x00002bf6   0x00002bf6   0x00000002   PAD
    0x00002bf8   0x00002bf8   0x000009fc   Code   RO          340    i.pow               m_ps.l(pow.o)
    0x000035f4   0x000035f4   0x00000048   Code   RO          392    i.sqrt              m_ps.l(sqrt.o)
    0x0000363c   0x0000363c   0x0000002c   Code   RO          440    locale$$code        c_p.l(lc_numeric_c.o)
    0x00003668   0x00003668   0x00000068   Code   RO          367    x$fpl$drleqf        fz_ps.l(drlef.o)
    0x000036d0   0x000036d0   0x00000010   Code   RO          337    x$fpl$printf1       fz_ps.l(printf1.o)
    0x000036e0   0x000036e0   0x00000000   Code   RO          371    x$fpl$usenofp       fz_ps.l(usenofp.o)
    0x000036e0   0x000036e0   0x00000080   Data   RO          329    .constdata          fz_ps.l(ddiv.o)
    0x00003760   0x00003760   0x00000088   Data   RO          341    .constdata          m_ps.l(pow.o)
    0x000037e8   0x000037e8   0x00000008   Data   RO          390    .constdata          m_ps.l(qnan.o)
    0x000037f0   0x000037f0   0x00000094   Data   RO          433    .constdata          c_p.l(bigflt0.o)
    0x00003884   0x00003884   0x00000020   Data   RO          605    Region$$Table       anon$$obj.o
    0x000038a4   0x000038a4   0x0000001c   Data   RO          439    locale$$data        c_p.l(lc_numeric_c.o)


    Execution Region RW_IRAM1 (Exec base: 0x1ffffc00, Load base: 0x000038c0, Size: 0x00000380, Max: 0x00001000, ABSOLUTE)

    Exec Addr    Load Addr    Size         Type   Attr      Idx    E Section Name        Object

    0x1ffffc00   0x000038c0   0x00000004   Data   RW           52    .data               i2c.o
    0x1ffffc04   0x000038c4   0x00000002   Data   RW           83    .data               lcd1602.o
    0x1ffffc06   0x000038c6   0x00000002   PAD
    0x1ffffc08   0x000038c8   0x00000010   Data   RW          108    .data               main.o
    0x1ffffc18   0x000038d8   0x00000004   Data   RW          203    .data               motor.o
    0x1ffffc1c   0x000038dc   0x00000004   Data   RW          258    .data               system_mkl05z4.o
    0x1ffffc20        -       0x00000060   Zero   RW          453    .bss                c_p.l(libspace.o)
    0x1ffffc80        -       0x00000000   Zero   RW          246    HEAP                startup_mkl05z4.o
    0x1ffffc80        -       0x00000300   Zero   RW          245    STACK               startup_mkl05z4.o


==============================================================================

Image component sizes


      Code (inc. data)   RO Data    RW Data    ZI Data      Debug   Object Name

       304         22          0          0          0      89071   adc.o
       400         26          0          0          0       8993   buttons.o
       408         24          0          4          0       1711   i2c.o
       532         26          0          2          0       3200   lcd1602.o
       384         90          0         16          0       9347   main.o
       236         22          0          4          0       1708   motor.o
       116         26          0          0          0        631   pit.o
        68         38        192          0        768        844   startup_mkl05z4.o
       392         40          0          4          0       1193   system_mkl05z4.o
       128         12          0          0          0        401   uart0.o

    ----------------------------------------------------------------------
      2970        326        224         32        768     117099   Object Totals
         0          0         32          0          0          0   (incl. Generated)
         2          0          0          2          0          0   (incl. Padding)

    ----------------------------------------------------------------------

      Code (inc. data)   RO Data    RW Data    ZI Data      Debug   Library Member Name

         8          0          0          0          0         68   __main.o
       284          0          0          0          0        136   __printf_wp.o
         0          0          0          0          0          0   __rtentry.o
        12          0          0          0          0          0   __rtentry2.o
         6          0          0          0          0          0   __rtentry4.o
        60          8          0          0          0          0   __scatter.o
        26          0          0          0          0          0   __scatter_copy.o
        28          0          0          0          0          0   __scatter_zi.o
        10          0          0          0          0          0   _printf_c.o
        46          0          0          0          0        100   _printf_char.o
        48          6          0          0          0         88   _printf_char_common.o
        10          0          0          0          0          0   _printf_f.o
      1048         14          0          0          0        176   _printf_fp_dec.o
       136         16          0          0          0         76   _printf_fp_infnan.o
         2          0          0          0          0          0   _printf_percent.o
         4          0          0          0          0          0   _printf_percent_end.o
        82          0          0          0          0         72   _printf_str.o
        22          0          0          0          0         92   _rserrno.o
        10          0          0          0          0         60   _sputc.o
       346          0          0          0          0         92   aeabi_sdiv.o
       216          6        148          0          0         80   bigflt0.o
      1456         30          0          0          0        336   btod.o
        16          0          0          0          0         68   exit.o
         6          0          0          0          0        136   heapauxi.o
         0          0          0          0          0          0   indicate_semi.o
        44         10         28          0          0         76   lc_numeric_c.o
         2          0          0          0          0          0   libinit.o
        18          0          0          0          0          0   libinit2.o
         2          0          0          0          0          0   libshutdown.o
         2          0          0          0          0          0   libshutdown2.o
         8          4          0          0         96         68   libspace.o
       122          0          0          0          0         72   lludiv10.o
        40          4          0          0          0         84   noretval__2sprintf.o
         8          4          0          0          0         68   rt_errno_addr_intlibspace.o
         8          4          0          0          0         68   rt_locale_intlibspace.o
        56          0          0          0          0         68   rt_memcpy.o
         2          0          0          0          0          0   rtexit.o
        10          0          0          0          0          0   rtexit2.o
        40          0          0          0          0         60   rtudiv10.o
       136          4          0          0          0         72   strcmp.o
        12          4          0          0          0         60   sys_exit.o
        62          0          0          0          0         80   sys_stackheap_outer.o
         2          0          0          0          0         68   use_no_semi.o
        46          0          0          0          0         60   cmpret.o
       856         20          0          0          0        208   daddsub.o
       144          4          0          0          0         76   dcmpin.o
      1096         26        128          0          0        112   ddiv.o
        88          0          0          0          0         92   dflti.o
       584         26          0          0          0         84   dmul.o
        20          6          0          0          0         68   dnan2.o
       104          4          0          0          0        104   drlef.o
        96         12          0          0          0         72   dscalbn.o
       256          8          0          0          0         76   dsqrt.o
        84          4          0          0          0         60   f2d.o
        16          4          0          0          0         76   printf1.o
        94          0          0          0          0         68   retnan.o
         0          0          0          0          0          0   usenofp.o
        84         14          0          0          0        340   dunder.o
        44          4          0          0          0         60   fpclassify.o
       172          0          0          0          0         76   poly.o
      2556        196        136          0          0        240   pow.o
         0          0          8          0          0          0   qnan.o
        72          6          0          0          0         76   sqrt.o

    ----------------------------------------------------------------------
     10886        448        448          0         96       4372   Library Totals
        18          0          0          0          0          0   (incl. Padding)

    ----------------------------------------------------------------------

      Code (inc. data)   RO Data    RW Data    ZI Data      Debug   Library Name

      4456        114        176          0         96       2424   c_p.l
      3484        114        128          0          0       1156   fz_ps.l
      2928        220        144          0          0        792   m_ps.l

    ----------------------------------------------------------------------
     10886        448        448          0         96       4372   Library Totals

    ----------------------------------------------------------------------

==============================================================================


      Code (inc. data)   RO Data    RW Data    ZI Data      Debug   

     13856        774        672         32        864     118859   Grand Totals
     13856        774        672         32        864     118859   ELF Image Totals
     13856        774        672         32          0          0   ROM Totals

==============================================================================

    Total RO  Size (Code + RO Data)                14528 (  14.19kB)
    Total RW  Size (RW Data + ZI Data)               896 (   0.88kB)
    Total ROM Size (Code + RO Data + RW Data)      14560 (  14.22kB)

==============================================================================

